Archive member included to satisfy reference by file (symbol)

c:/stm32toolchain/arm-gnu-toolchain-11.3.rel1-mingw-w64-i686-arm-none-eabi/bin/../lib/gcc/arm-none-eabi/11.3.1/thumb/v7-m/nofp\libc_nano.a(libc_a-exit.o)
                              c:/stm32toolchain/arm-gnu-toolchain-11.3.rel1-mingw-w64-i686-arm-none-eabi/bin/../lib/gcc/arm-none-eabi/11.3.1/thumb/v7-m/nofp/crt0.o (exit)
c:/stm32toolchain/arm-gnu-toolchain-11.3.rel1-mingw-w64-i686-arm-none-eabi/bin/../lib/gcc/arm-none-eabi/11.3.1/thumb/v7-m/nofp\libc_nano.a(libc_a-findfp.o)
                              c:/stm32toolchain/arm-gnu-toolchain-11.3.rel1-mingw-w64-i686-arm-none-eabi/bin/../lib/gcc/arm-none-eabi/11.3.1/thumb/v7-m/nofp\libc_nano.a(libc_a-exit.o) (__stdio_exit_handler)
c:/stm32toolchain/arm-gnu-toolchain-11.3.rel1-mingw-w64-i686-arm-none-eabi/bin/../lib/gcc/arm-none-eabi/11.3.1/thumb/v7-m/nofp\libc_nano.a(libc_a-fwalk.o)
                              c:/stm32toolchain/arm-gnu-toolchain-11.3.rel1-mingw-w64-i686-arm-none-eabi/bin/../lib/gcc/arm-none-eabi/11.3.1/thumb/v7-m/nofp\libc_nano.a(libc_a-findfp.o) (_fwalk_sglue)
c:/stm32toolchain/arm-gnu-toolchain-11.3.rel1-mingw-w64-i686-arm-none-eabi/bin/../lib/gcc/arm-none-eabi/11.3.1/thumb/v7-m/nofp\libc_nano.a(libc_a-stdio.o)
                              c:/stm32toolchain/arm-gnu-toolchain-11.3.rel1-mingw-w64-i686-arm-none-eabi/bin/../lib/gcc/arm-none-eabi/11.3.1/thumb/v7-m/nofp\libc_nano.a(libc_a-findfp.o) (__sread)
c:/stm32toolchain/arm-gnu-toolchain-11.3.rel1-mingw-w64-i686-arm-none-eabi/bin/../lib/gcc/arm-none-eabi/11.3.1/thumb/v7-m/nofp\libc_nano.a(libc_a-memset.o)
                              c:/stm32toolchain/arm-gnu-toolchain-11.3.rel1-mingw-w64-i686-arm-none-eabi/bin/../lib/gcc/arm-none-eabi/11.3.1/thumb/v7-m/nofp/crt0.o (memset)
c:/stm32toolchain/arm-gnu-toolchain-11.3.rel1-mingw-w64-i686-arm-none-eabi/bin/../lib/gcc/arm-none-eabi/11.3.1/thumb/v7-m/nofp\libc_nano.a(libc_a-closer.o)
                              c:/stm32toolchain/arm-gnu-toolchain-11.3.rel1-mingw-w64-i686-arm-none-eabi/bin/../lib/gcc/arm-none-eabi/11.3.1/thumb/v7-m/nofp\libc_nano.a(libc_a-stdio.o) (_close_r)
c:/stm32toolchain/arm-gnu-toolchain-11.3.rel1-mingw-w64-i686-arm-none-eabi/bin/../lib/gcc/arm-none-eabi/11.3.1/thumb/v7-m/nofp\libc_nano.a(libc_a-reent.o)
                              c:/stm32toolchain/arm-gnu-toolchain-11.3.rel1-mingw-w64-i686-arm-none-eabi/bin/../lib/gcc/arm-none-eabi/11.3.1/thumb/v7-m/nofp\libc_nano.a(libc_a-closer.o) (errno)
c:/stm32toolchain/arm-gnu-toolchain-11.3.rel1-mingw-w64-i686-arm-none-eabi/bin/../lib/gcc/arm-none-eabi/11.3.1/thumb/v7-m/nofp\libc_nano.a(libc_a-impure.o)
                              c:/stm32toolchain/arm-gnu-toolchain-11.3.rel1-mingw-w64-i686-arm-none-eabi/bin/../lib/gcc/arm-none-eabi/11.3.1/thumb/v7-m/nofp\libc_nano.a(libc_a-reent.o) (_impure_ptr)
c:/stm32toolchain/arm-gnu-toolchain-11.3.rel1-mingw-w64-i686-arm-none-eabi/bin/../lib/gcc/arm-none-eabi/11.3.1/thumb/v7-m/nofp\libc_nano.a(libc_a-lseekr.o)
                              c:/stm32toolchain/arm-gnu-toolchain-11.3.rel1-mingw-w64-i686-arm-none-eabi/bin/../lib/gcc/arm-none-eabi/11.3.1/thumb/v7-m/nofp\libc_nano.a(libc_a-stdio.o) (_lseek_r)
c:/stm32toolchain/arm-gnu-toolchain-11.3.rel1-mingw-w64-i686-arm-none-eabi/bin/../lib/gcc/arm-none-eabi/11.3.1/thumb/v7-m/nofp\libc_nano.a(libc_a-readr.o)
                              c:/stm32toolchain/arm-gnu-toolchain-11.3.rel1-mingw-w64-i686-arm-none-eabi/bin/../lib/gcc/arm-none-eabi/11.3.1/thumb/v7-m/nofp\libc_nano.a(libc_a-stdio.o) (_read_r)
c:/stm32toolchain/arm-gnu-toolchain-11.3.rel1-mingw-w64-i686-arm-none-eabi/bin/../lib/gcc/arm-none-eabi/11.3.1/thumb/v7-m/nofp\libc_nano.a(libc_a-writer.o)
                              c:/stm32toolchain/arm-gnu-toolchain-11.3.rel1-mingw-w64-i686-arm-none-eabi/bin/../lib/gcc/arm-none-eabi/11.3.1/thumb/v7-m/nofp\libc_nano.a(libc_a-stdio.o) (_write_r)
c:/stm32toolchain/arm-gnu-toolchain-11.3.rel1-mingw-w64-i686-arm-none-eabi/bin/../lib/gcc/arm-none-eabi/11.3.1/thumb/v7-m/nofp\libc_nano.a(libc_a-init.o)
                              c:/stm32toolchain/arm-gnu-toolchain-11.3.rel1-mingw-w64-i686-arm-none-eabi/bin/../lib/gcc/arm-none-eabi/11.3.1/thumb/v7-m/nofp/crt0.o (__libc_init_array)
c:/stm32toolchain/arm-gnu-toolchain-11.3.rel1-mingw-w64-i686-arm-none-eabi/bin/../lib/gcc/arm-none-eabi/11.3.1/thumb/v7-m/nofp\libc_nano.a(libc_a-lock.o)
                              c:/stm32toolchain/arm-gnu-toolchain-11.3.rel1-mingw-w64-i686-arm-none-eabi/bin/../lib/gcc/arm-none-eabi/11.3.1/thumb/v7-m/nofp\libc_nano.a(libc_a-findfp.o) (__retarget_lock_init_recursive)
c:/stm32toolchain/arm-gnu-toolchain-11.3.rel1-mingw-w64-i686-arm-none-eabi/bin/../lib/gcc/arm-none-eabi/11.3.1/thumb/v7-m/nofp\libc_nano.a(libc_a-freer.o)
                              c:/stm32toolchain/arm-gnu-toolchain-11.3.rel1-mingw-w64-i686-arm-none-eabi/bin/../lib/gcc/arm-none-eabi/11.3.1/thumb/v7-m/nofp\libc_nano.a(libc_a-reent.o) (_free_r)
[...]
Memory Configuration

Name             Origin             Length             Attributes
RAM              0x20000000         0x00002800         xrw
FLASH            0x08000000         0x00008000         xr
*default*        0x00000000         0xffffffff

Linker script and memory map

LOAD c:/stm32toolchain/arm-gnu-toolchain-11.3.rel1-mingw-w64-i686-arm-none-eabi/bin/../lib/gcc/arm-none-eabi/11.3.1/thumb/v7-m/nofp/crti.o
LOAD c:/stm32toolchain/arm-gnu-toolchain-11.3.rel1-mingw-w64-i686-arm-none-eabi/bin/../lib/gcc/arm-none-eabi/11.3.1/thumb/v7-m/nofp/crtbegin.o
LOAD c:/stm32toolchain/arm-gnu-toolchain-11.3.rel1-mingw-w64-i686-arm-none-eabi/bin/../lib/gcc/arm-none-eabi/11.3.1/thumb/v7-m/nofp/crt0.o
LOAD build/main.o
LOAD build/timer.o
LOAD build/button.o
LOAD build/fsm.o
LOAD build/7SEG.o
LOAD build/stm32f1xx_it.o
LOAD build/stm32f1xx_hal_msp.o
LOAD build/stm32f1xx_hal_gpio_ex.o
LOAD build/stm32f1xx_hal_tim.o
LOAD build/stm32f1xx_hal_tim_ex.o
LOAD build/stm32f1xx_hal.o
LOAD build/stm32f1xx_hal_rcc.o
LOAD build/stm32f1xx_hal_rcc_ex.o
LOAD build/stm32f1xx_hal_gpio.o
LOAD build/stm32f1xx_hal_dma.o
LOAD build/stm32f1xx_hal_cortex.o
LOAD build/stm32f1xx_hal_pwr.o
LOAD build/stm32f1xx_hal_flash.o
LOAD build/stm32f1xx_hal_flash_ex.o
LOAD build/stm32f1xx_hal_exti.o
LOAD build/system_stm32f1xx.o
LOAD build/startup_stm32f103x6.o
LOAD c:/stm32toolchain/arm-gnu-toolchain-11.3.rel1-mingw-w64-i686-arm-none-eabi/bin/../lib/gcc/arm-none-eabi/11.3.1/thumb/v7-m/nofp\libc_nano.a
LOAD c:/stm32toolchain/arm-gnu-toolchain-11.3.rel1-mingw-w64-i686-arm-none-eabi/bin/../lib/gcc/arm-none-eabi/11.3.1/thumb/v7-m/nofp\libm.a
LOAD c:/stm32toolchain/arm-gnu-toolchain-11.3.rel1-mingw-w64-i686-arm-none-eabi/bin/../lib/gcc/arm-none-eabi/11.3.1/thumb/v7-m/nofp\libnosys.a
START GROUP
LOAD c:/stm32toolchain/arm-gnu-toolchain-11.3.rel1-mingw-w64-i686-arm-none-eabi/bin/../lib/gcc/arm-none-eabi/11.3.1/thumb/v7-m/nofp\libgcc.a
LOAD c:/stm32toolchain/arm-gnu-toolchain-11.3.rel1-mingw-w64-i686-arm-none-eabi/bin/../lib/gcc/arm-none-eabi/11.3.1/thumb/v7-m/nofp\libc_nano.a
END GROUP
START GROUP
LOAD c:/stm32toolchain/arm-gnu-toolchain-11.3.rel1-mingw-w64-i686-arm-none-eabi/bin/../lib/gcc/arm-none-eabi/11.3.1/thumb/v7-m/nofp\libgcc.a
LOAD c:/stm32toolchain/arm-gnu-toolchain-11.3.rel1-mingw-w64-i686-arm-none-eabi/bin/../lib/gcc/arm-none-eabi/11.3.1/thumb/v7-m/nofp\libc_nano.a
END GROUP
LOAD c:/stm32toolchain/arm-gnu-toolchain-11.3.rel1-mingw-w64-i686-arm-none-eabi/bin/../lib/gcc/arm-none-eabi/11.3.1/thumb/v7-m/nofp/crtend.o
LOAD c:/stm32toolchain/arm-gnu-toolchain-11.3.rel1-mingw-w64-i686-arm-none-eabi/bin/../lib/gcc/arm-none-eabi/11.3.1/thumb/v7-m/nofp/crtn.o
                0x20002800                _estack = (ORIGIN (RAM) + LENGTH (RAM))
                0x00000200                _Min_Heap_Size = 0x200
                0x00000400                _Min_Stack_Size = 0x400

.isr_vector     0x08000000      0x10c
                0x08000000                . = ALIGN (0x4)
 *(.isr_vector)
 .isr_vector    0x08000000      0x10c build/startup_stm32f103x6.o
                0x08000000                g_pfnVectors
                0x0800010c                . = ALIGN (0x4)

.text           0x0800010c     0x15cc
                0x0800010c                . = ALIGN (0x4)
 *(.text)
 *(.text*)
 .text.deregister_tm_clones
                0x0800010c       0x1c c:/stm32toolchain/arm-gnu-toolchain-11.3.rel1-mingw-w64-i686-arm-none-eabi/bin/../lib/gcc/arm-none-eabi/11.3.1/thumb/v7-m/nofp/crtbegin.o
 .text.register_tm_clones
                0x08000128       0x24 c:/stm32toolchain/arm-gnu-toolchain-11.3.rel1-mingw-w64-i686-arm-none-eabi/bin/../lib/gcc/arm-none-eabi/11.3.1/thumb/v7-m/nofp/crtbegin.o
 .text.__do_global_dtors_aux
                0x0800014c       0x28 c:/stm32toolchain/arm-gnu-toolchain-11.3.rel1-mingw-w64-i686-arm-none-eabi/bin/../lib/gcc/arm-none-eabi/11.3.1/thumb/v7-m/nofp/crtbegin.o
 .text.frame_dummy
                0x08000174       0x24 c:/stm32toolchain/arm-gnu-toolchain-11.3.rel1-mingw-w64-i686-arm-none-eabi/bin/../lib/gcc/arm-none-eabi/11.3.1/thumb/v7-m/nofp/crtbegin.o
 .text.MX_GPIO_Init
                0x08000198       0xa0 build/main.o
 .text.HAL_TIM_PeriodElapsedCallback
                0x08000238       0x18 build/main.o
                0x08000238                HAL_TIM_PeriodElapsedCallback
 .text.Error_Handler
                0x08000250        0x4 build/main.o
                0x08000250                Error_Handler
 .text.MX_TIM2_Init
                0x08000254       0x68 build/main.o
 .text.SystemClock_Config
                0x080002bc       0x52 build/main.o
                0x080002bc                SystemClock_Config
 *fill*         0x0800030e        0x2 
 .text.main     0x08000310       0x84 build/main.o
                0x08000310                main
 .text.isTimer1Flag
                0x08000394       0x10 build/timer.o
                0x08000394                isTimer1Flag
 .text.runTimer1
                0x080003a4       0x20 build/timer.o
                0x080003a4                runTimer1
 .text.isTimer10Flag
                0x080003c4       0x10 build/timer.o
                0x080003c4                isTimer10Flag
 .text.runTimer10
                0x080003d4       0x20 build/timer.o
                0x080003d4                runTimer10
 .text.resetTimer10
                0x080003f4       0x18 build/timer.o
                0x080003f4                resetTimer10
 .text.getRESETInput
                0x0800040c       0x5c build/button.o
                0x0800040c                getRESETInput
 .text.getINCInput
                0x08000468       0x98 build/button.o
                0x08000468                getINCInput
 .text.getDECInput
                0x08000500       0x98 build/button.o
                0x08000500                getDECInput
 .text.isRESETPressed
                0x08000598       0x10 build/button.o
                0x08000598                isRESETPressed
 .text.isINCPressed
                0x080005a8       0x10 build/button.o
                0x080005a8                isINCPressed
 .text.isDECPressed
                0x080005b8       0x10 build/button.o
                0x080005b8                isDECPressed
 .text.isINCLongPressed
                0x080005c8       0x10 build/button.o
                0x080005c8                isINCLongPressed
 .text.isDECLongPressed
                0x080005d8       0x10 build/button.o
                0x080005d8                isDECLongPressed
 .text.fsmstep1
                0x080005e8       0x98 build/fsm.o
                0x080005e8                fsmstep1
 .text.fsmstep2
                0x08000680       0x80 build/fsm.o
                0x08000680                fsmstep2
 .text.fsmstep3
                0x08000700       0x40 build/fsm.o
                0x08000700                fsmstep3
 .text.display7SEG
                0x08000740       0x20 build/7SEG.o
                0x08000740                display7SEG
 .text.NMI_Handler
                0x08000760        0x2 build/stm32f1xx_it.o
                0x08000760                NMI_Handler
 .text.HardFault_Handler
                0x08000762        0x2 build/stm32f1xx_it.o
                0x08000762                HardFault_Handler
 .text.MemManage_Handler
                0x08000764        0x2 build/stm32f1xx_it.o
                0x08000764                MemManage_Handler
 .text.BusFault_Handler
                0x08000766        0x2 build/stm32f1xx_it.o
                0x08000766                BusFault_Handler
 .text.UsageFault_Handler
                0x08000768        0x2 build/stm32f1xx_it.o
                0x08000768                UsageFault_Handler
 .text.SVC_Handler
                0x0800076a        0x2 build/stm32f1xx_it.o
                0x0800076a                SVC_Handler
 .text.DebugMon_Handler
                0x0800076c        0x2 build/stm32f1xx_it.o
                0x0800076c                DebugMon_Handler
 .text.PendSV_Handler
                0x0800076e        0x2 build/stm32f1xx_it.o
                0x0800076e                PendSV_Handler
 .text.SysTick_Handler
                0x08000770        0x8 build/stm32f1xx_it.o
                0x08000770                SysTick_Handler
 .text.TIM2_IRQHandler
                0x08000778       0x10 build/stm32f1xx_it.o
                0x08000778                TIM2_IRQHandler
 .text.HAL_MspInit
                0x08000788       0x30 build/stm32f1xx_hal_msp.o
                0x08000788                HAL_MspInit
 .text.HAL_TIM_Base_MspInit
                0x080007b8       0x3a build/stm32f1xx_hal_msp.o
                0x080007b8                HAL_TIM_Base_MspInit
 .text.TIM_TI1_ConfigInputStage
                0x080007f2       0x24 build/stm32f1xx_hal_tim.o
 .text.TIM_TI2_ConfigInputStage
                0x08000816       0x26 build/stm32f1xx_hal_tim.o
 .text.TIM_ITRx_SetConfig
                0x0800083c       0x10 build/stm32f1xx_hal_tim.o
 .text.HAL_TIM_Base_Start_IT
                0x0800084c       0x60 build/stm32f1xx_hal_tim.o
                0x0800084c                HAL_TIM_Base_Start_IT
 .text.HAL_TIM_OC_DelayElapsedCallback
                0x080008ac        0x2 build/stm32f1xx_hal_tim.o
                0x080008ac                HAL_TIM_OC_DelayElapsedCallback
 .text.HAL_TIM_IC_CaptureCallback
                0x080008ae        0x2 build/stm32f1xx_hal_tim.o
                0x080008ae                HAL_TIM_IC_CaptureCallback
 .text.HAL_TIM_PWM_PulseFinishedCallback
                0x080008b0        0x2 build/stm32f1xx_hal_tim.o
                0x080008b0                HAL_TIM_PWM_PulseFinishedCallback
 .text.HAL_TIM_TriggerCallback
                0x080008b2        0x2 build/stm32f1xx_hal_tim.o
                0x080008b2                HAL_TIM_TriggerCallback
 .text.HAL_TIM_IRQHandler
                0x080008b4      0x17a build/stm32f1xx_hal_tim.o
                0x080008b4                HAL_TIM_IRQHandler
 *fill*         0x08000a2e        0x2 
 .text.TIM_Base_SetConfig
                0x08000a30       0x64 build/stm32f1xx_hal_tim.o
                0x08000a30                TIM_Base_SetConfig
 .text.HAL_TIM_Base_Init
                0x08000a94       0x58 build/stm32f1xx_hal_tim.o
                0x08000a94                HAL_TIM_Base_Init
 .text.TIM_ETR_SetConfig
                0x08000aec       0x18 build/stm32f1xx_hal_tim.o
                0x08000aec                TIM_ETR_SetConfig
 .text.HAL_TIM_ConfigClockSource
                0x08000b04       0xda build/stm32f1xx_hal_tim.o
                0x08000b04                HAL_TIM_ConfigClockSource
 *fill*         0x08000bde        0x2 
 .text.HAL_TIMEx_MasterConfigSynchronization
                0x08000be0       0x64 build/stm32f1xx_hal_tim_ex.o
                0x08000be0                HAL_TIMEx_MasterConfigSynchronization
 .text.HAL_TIMEx_CommutCallback
                0x08000c44        0x2 build/stm32f1xx_hal_tim_ex.o
                0x08000c44                HAL_TIMEx_CommutCallback
 .text.HAL_TIMEx_BreakCallback
                0x08000c46        0x2 build/stm32f1xx_hal_tim_ex.o
                0x08000c46                HAL_TIMEx_BreakCallback
 .text.HAL_InitTick
                0x08000c48       0x4c build/stm32f1xx_hal.o
                0x08000c48                HAL_InitTick
 .text.HAL_Init
                0x08000c94       0x24 build/stm32f1xx_hal.o
                0x08000c94                HAL_Init
 .text.HAL_IncTick
                0x08000cb8       0x18 build/stm32f1xx_hal.o
                0x08000cb8                HAL_IncTick
 .text.HAL_GetTick
                0x08000cd0        0xc build/stm32f1xx_hal.o
                0x08000cd0                HAL_GetTick
 .text.RCC_Delay
                0x08000cdc       0x2c build/stm32f1xx_hal_rcc.o
 .text.HAL_RCC_OscConfig
                0x08000d08      0x410 build/stm32f1xx_hal_rcc.o
                0x08000d08                HAL_RCC_OscConfig
 .text.HAL_RCC_GetSysClockFreq
                0x08001118       0x70 build/stm32f1xx_hal_rcc.o
                0x08001118                HAL_RCC_GetSysClockFreq
 .text.HAL_RCC_ClockConfig
                0x08001188      0x16c build/stm32f1xx_hal_rcc.o
                0x08001188                HAL_RCC_ClockConfig
 .text.HAL_GPIO_Init
                0x080012f4      0x220 build/stm32f1xx_hal_gpio.o
                0x080012f4                HAL_GPIO_Init
 .text.HAL_GPIO_ReadPin
                0x08001514        0xe build/stm32f1xx_hal_gpio.o
                0x08001514                HAL_GPIO_ReadPin
 .text.HAL_GPIO_WritePin
                0x08001522        0xc build/stm32f1xx_hal_gpio.o
                0x08001522                HAL_GPIO_WritePin
 .text.HAL_GPIO_TogglePin
                0x0800152e       0x12 build/stm32f1xx_hal_gpio.o
                0x0800152e                HAL_GPIO_TogglePin
 .text.HAL_NVIC_SetPriorityGrouping
                0x08001540       0x24 build/stm32f1xx_hal_cortex.o
                0x08001540                HAL_NVIC_SetPriorityGrouping
 .text.HAL_NVIC_SetPriority
                0x08001564       0x70 build/stm32f1xx_hal_cortex.o
                0x08001564                HAL_NVIC_SetPriority
 .text.HAL_NVIC_EnableIRQ
                0x080015d4       0x1c build/stm32f1xx_hal_cortex.o
                0x080015d4                HAL_NVIC_EnableIRQ
 .text.HAL_SYSTICK_Config
                0x080015f0       0x28 build/stm32f1xx_hal_cortex.o
                0x080015f0                HAL_SYSTICK_Config
 .text.SystemInit
                0x08001618        0x2 build/system_stm32f1xx.o
                0x08001618                SystemInit
 *fill*         0x0800161a        0x2 
 .text.Reset_Handler
                0x0800161c       0x48 build/startup_stm32f103x6.o
                0x0800161c                Reset_Handler
 .text.Default_Handler
                0x08001664        0x2 build/startup_stm32f103x6.o
                0x08001664                RTC_Alarm_IRQHandler
                0x08001664                EXTI2_IRQHandler
                0x08001664                TIM1_CC_IRQHandler
                0x08001664                PVD_IRQHandler
                0x08001664                EXTI3_IRQHandler
                0x08001664                EXTI0_IRQHandler
                0x08001664                ADC1_2_IRQHandler
                0x08001664                SPI1_IRQHandler
                0x08001664                TAMPER_IRQHandler
                0x08001664                DMA1_Channel4_IRQHandler
                0x08001664                RTC_IRQHandler
                0x08001664                DMA1_Channel7_IRQHandler
                0x08001664                CAN1_RX1_IRQHandler
                0x08001664                I2C1_EV_IRQHandler
                0x08001664                DMA1_Channel6_IRQHandler
                0x08001664                TIM3_IRQHandler
                0x08001664                RCC_IRQHandler
                0x08001664                TIM1_TRG_COM_IRQHandler
                0x08001664                DMA1_Channel1_IRQHandler
                0x08001664                Default_Handler
                0x08001664                EXTI15_10_IRQHandler
                0x08001664                EXTI9_5_IRQHandler
                0x08001664                DMA1_Channel5_IRQHandler
                0x08001664                EXTI4_IRQHandler
                0x08001664                USB_LP_CAN1_RX0_IRQHandler
                0x08001664                USB_HP_CAN1_TX_IRQHandler
                0x08001664                DMA1_Channel3_IRQHandler
                0x08001664                TIM1_UP_IRQHandler
                0x08001664                WWDG_IRQHandler
                0x08001664                TIM1_BRK_IRQHandler
                0x08001664                EXTI1_IRQHandler
                0x08001664                USART2_IRQHandler
                0x08001664                DMA1_Channel2_IRQHandler
                0x08001664                CAN1_SCE_IRQHandler
                0x08001664                FLASH_IRQHandler
                0x08001664                USART1_IRQHandler
                0x08001664                I2C1_ER_IRQHandler
                0x08001664                USBWakeUp_IRQHandler
 .text.memset   0x08001666       0x10 c:/stm32toolchain/arm-gnu-toolchain-11.3.rel1-mingw-w64-i686-arm-none-eabi/bin/../lib/gcc/arm-none-eabi/11.3.1/thumb/v7-m/nofp\libc_nano.a(libc_a-memset.o)
                0x08001666                memset
 *fill*         0x08001676        0x2 
 .text.__libc_init_array
                0x08001678       0x48 c:/stm32toolchain/arm-gnu-toolchain-11.3.rel1-mingw-w64-i686-arm-none-eabi/bin/../lib/gcc/arm-none-eabi/11.3.1/thumb/v7-m/nofp\libc_nano.a(libc_a-init.o)
                0x08001678                __libc_init_array
 *(.glue_7)
 .glue_7        0x080016c0        0x0 linker stubs
 *(.glue_7t)
 .glue_7t       0x080016c0        0x0 linker stubs
 *(.eh_frame)
 .eh_frame      0x080016c0        0x0 c:/stm32toolchain/arm-gnu-toolchain-11.3.rel1-mingw-w64-i686-arm-none-eabi/bin/../lib/gcc/arm-none-eabi/11.3.1/thumb/v7-m/nofp/crtbegin.o
 *(.init)
 .init          0x080016c0        0x4 c:/stm32toolchain/arm-gnu-toolchain-11.3.rel1-mingw-w64-i686-arm-none-eabi/bin/../lib/gcc/arm-none-eabi/11.3.1/thumb/v7-m/nofp/crti.o
                0x080016c0                _init
 .init          0x080016c4        0x8 c:/stm32toolchain/arm-gnu-toolchain-11.3.rel1-mingw-w64-i686-arm-none-eabi/bin/../lib/gcc/arm-none-eabi/11.3.1/thumb/v7-m/nofp/crtn.o
 *(.fini)
 .fini          0x080016cc        0x4 c:/stm32toolchain/arm-gnu-toolchain-11.3.rel1-mingw-w64-i686-arm-none-eabi/bin/../lib/gcc/arm-none-eabi/11.3.1/thumb/v7-m/nofp/crti.o
                0x080016cc                _fini
 .fini          0x080016d0        0x8 c:/stm32toolchain/arm-gnu-toolchain-11.3.rel1-mingw-w64-i686-arm-none-eabi/bin/../lib/gcc/arm-none-eabi/11.3.1/thumb/v7-m/nofp/crtn.o
                0x080016d8                . = ALIGN (0x4)
                0x080016d8                _etext = .

.vfp11_veneer   0x080016d8        0x0
 .vfp11_veneer  0x080016d8        0x0 linker stubs

.v4_bx          0x080016d8        0x0
 .v4_bx         0x080016d8        0x0 linker stubs

.iplt           0x080016d8        0x0
 .iplt          0x080016d8        0x0 c:/stm32toolchain/arm-gnu-toolchain-11.3.rel1-mingw-w64-i686-arm-none-eabi/bin/../lib/gcc/arm-none-eabi/11.3.1/thumb/v7-m/nofp/crtbegin.o

.rodata         0x080016d8       0x38
                0x080016d8                . = ALIGN (0x4)
 *(.rodata)
 *(.rodata*)
 .rodata.LUT_SET.0
                0x080016d8       0x14 build/7SEG.o
 .rodata.HAL_RCC_GetSysClockFreq.str1.4
                0x080016ec       0x11 build/stm32f1xx_hal_rcc.o
 *fill*         0x080016fd        0x3 
 .rodata.AHBPrescTable
                0x08001700       0x10 build/system_stm32f1xx.o
                0x08001700                AHBPrescTable
                0x08001710                . = ALIGN (0x4)

.rel.dyn        0x08001710        0x0
 .rel.iplt      0x08001710        0x0 c:/stm32toolchain/arm-gnu-toolchain-11.3.rel1-mingw-w64-i686-arm-none-eabi/bin/../lib/gcc/arm-none-eabi/11.3.1/thumb/v7-m/nofp/crtbegin.o

.ARM.extab
 *(.ARM.extab* .gnu.linkonce.armextab.*)

.ARM            0x08001710        0x0
                0x08001710                __exidx_start = .
 *(.ARM.exidx*)
                0x08001710                __exidx_end = .

.preinit_array  0x08001710        0x0
                0x08001710                PROVIDE (__preinit_array_start = .)
 *(.preinit_array*)
                0x08001710                PROVIDE (__preinit_array_end = .)

.init_array     0x08001710        0x4
                0x08001710                PROVIDE (__init_array_start = .)
 *(SORT_BY_NAME(.init_array.*))
 *(.init_array*)
 .init_array    0x08001710        0x4 c:/stm32toolchain/arm-gnu-toolchain-11.3.rel1-mingw-w64-i686-arm-none-eabi/bin/../lib/gcc/arm-none-eabi/11.3.1/thumb/v7-m/nofp/crtbegin.o
                0x08001714                PROVIDE (__init_array_end = .)

.fini_array     0x08001714        0x4
                [!provide]                PROVIDE (__fini_array_start = .)
 *(SORT_BY_NAME(.fini_array.*))
 *(.fini_array*)
 .fini_array    0x08001714        0x4 c:/stm32toolchain/arm-gnu-toolchain-11.3.rel1-mingw-w64-i686-arm-none-eabi/bin/../lib/gcc/arm-none-eabi/11.3.1/thumb/v7-m/nofp/crtbegin.o
                [!provide]                PROVIDE (__fini_array_end = .)
                0x08001718                _sidata = LOADADDR (.data)

.data           0x20000000       0x4c load address 0x08001718
                0x20000000                . = ALIGN (0x4)
                0x20000000                _sdata = .
 *(.data)
 *(.data*)
 .data.timer1   0x20000000        0x4 build/timer.o
 .data.timer10  0x20000004        0x4 build/timer.o
 .data.KeyReg0.11
                0x20000008        0x4 build/button.o
 .data.KeyReg0.2
                0x2000000c        0x4 build/button.o
 .data.KeyReg0.7
                0x20000010        0x4 build/button.o
 .data.KeyReg1.13
                0x20000014        0x4 build/button.o
 .data.KeyReg1.4
                0x20000018        0x4 build/button.o
 .data.KeyReg1.9
                0x2000001c        0x4 build/button.o
 .data.KeyReg2.12
                0x20000020        0x4 build/button.o
 .data.KeyReg2.3
                0x20000024        0x4 build/button.o
 .data.KeyReg2.8
                0x20000028        0x4 build/button.o
 .data.KeyReg3.1
                0x2000002c        0x4 build/button.o
 .data.KeyReg3.10
                0x20000030        0x4 build/button.o
 .data.KeyReg3.6
                0x20000034        0x4 build/button.o
 .data.pressCountdown.0
                0x20000038        0x4 build/button.o
 .data.pressCountdown.5
                0x2000003c        0x4 build/button.o
 .data.uwTickFreq
                0x20000040        0x1 build/stm32f1xx_hal.o
                0x20000040                uwTickFreq
 *fill*         0x20000041        0x3 
 .data.uwTickPrio
                0x20000044        0x4 build/stm32f1xx_hal.o
                0x20000044                uwTickPrio
 .data.SystemCoreClock
                0x20000048        0x4 build/system_stm32f1xx.o
                0x20000048                SystemCoreClock
                0x2000004c                . = ALIGN (0x4)
                0x2000004c                _edata = .

.tm_clone_table
                0x2000004c        0x0 load address 0x08001764
 .tm_clone_table
                0x2000004c        0x0 c:/stm32toolchain/arm-gnu-toolchain-11.3.rel1-mingw-w64-i686-arm-none-eabi/bin/../lib/gcc/arm-none-eabi/11.3.1/thumb/v7-m/nofp/crtbegin.o
 .tm_clone_table
                0x2000004c        0x0 c:/stm32toolchain/arm-gnu-toolchain-11.3.rel1-mingw-w64-i686-arm-none-eabi/bin/../lib/gcc/arm-none-eabi/11.3.1/thumb/v7-m/nofp/crtend.o

.igot.plt       0x2000004c        0x0 load address 0x08001764
 .igot.plt      0x2000004c        0x0 c:/stm32toolchain/arm-gnu-toolchain-11.3.rel1-mingw-w64-i686-arm-none-eabi/bin/../lib/gcc/arm-none-eabi/11.3.1/thumb/v7-m/nofp/crtbegin.o
                0x2000004c                . = ALIGN (0x4)

.bss            0x2000004c       0x8c load address 0x08001764
                0x2000004c                _sbss = .
                0x2000004c                __bss_start__ = _sbss
 *(.bss)
 *(.bss*)
 .bss.completed.1
                0x2000004c        0x1 c:/stm32toolchain/arm-gnu-toolchain-11.3.rel1-mingw-w64-i686-arm-none-eabi/bin/../lib/gcc/arm-none-eabi/11.3.1/thumb/v7-m/nofp/crtbegin.o
 *fill*         0x2000004d        0x3 
 .bss.object.0  0x20000050       0x18 c:/stm32toolchain/arm-gnu-toolchain-11.3.rel1-mingw-w64-i686-arm-none-eabi/bin/../lib/gcc/arm-none-eabi/11.3.1/thumb/v7-m/nofp/crtbegin.o
 .bss.counter   0x20000068        0x4 build/main.o
                0x20000068                counter
 .bss.htim2     0x2000006c       0x48 build/main.o
                0x2000006c                htim2
 .bss.timer10_flag
                0x200000b4        0x4 build/timer.o
 .bss.timer1_flag
                0x200000b8        0x4 build/timer.o
 .bss.DEC_flag  0x200000bc        0x4 build/button.o
 .bss.DEC_longpressed
                0x200000c0        0x4 build/button.o
 .bss.INC_flag  0x200000c4        0x4 build/button.o
 .bss.INC_longpressed
                0x200000c8        0x4 build/button.o
 .bss.RESET_flag
                0x200000cc        0x4 build/button.o
 .bss.state.0   0x200000d0        0x1 build/fsm.o
 .bss.state.1   0x200000d1        0x1 build/fsm.o
 .bss.state.2   0x200000d2        0x1 build/fsm.o
 *fill*         0x200000d3        0x1 
 .bss.uwTick    0x200000d4        0x4 build/stm32f1xx_hal.o
                0x200000d4                uwTick
 *(COMMON)
                0x200000d8                . = ALIGN (0x4)
                0x200000d8                _ebss = .
                0x200000d8                __bss_end__ = _ebss

._user_heap_stack
                0x200000d8      0x600 load address 0x08001764
                0x200000d8                . = ALIGN (0x8)
                0x200000d8                PROVIDE (end = .)
                [!provide]                PROVIDE (_end = .)
                0x200002d8                . = (. + _Min_Heap_Size)
 *fill*         0x200000d8      0x200 
                0x200006d8                . = (. + _Min_Stack_Size)
 *fill*         0x200002d8      0x400 
                0x200006d8                . = ALIGN (0x8)

/DISCARD/
 libc.a(*)
 libm.a(*)
 libgcc.a(*)

.ARM.attributes
                0x00000000       0x29
 *(.ARM.attributes)
 .ARM.attributes
                0x00000000       0x1d c:/stm32toolchain/arm-gnu-toolchain-11.3.rel1-mingw-w64-i686-arm-none-eabi/bin/../lib/gcc/arm-none-eabi/11.3.1/thumb/v7-m/nofp/crti.o
 .ARM.attributes
                0x0000001d       0x2d c:/stm32toolchain/arm-gnu-toolchain-11.3.rel1-mingw-w64-i686-arm-none-eabi/bin/../lib/gcc/arm-none-eabi/11.3.1/thumb/v7-m/nofp/crtbegin.o
 .ARM.attributes
                0x0000004a       0x2d build/main.o
 .ARM.attributes
                0x00000077       0x2d build/timer.o
 .ARM.attributes
                0x000000a4       0x2d build/button.o
 .ARM.attributes
                0x000000d1       0x2d build/fsm.o
 .ARM.attributes
                0x000000fe       0x2d build/7SEG.o
 .ARM.attributes
                0x0000012b       0x2d build/stm32f1xx_it.o
 .ARM.attributes
                0x00000158       0x2d build/stm32f1xx_hal_msp.o
 .ARM.attributes
                0x00000185       0x2d build/stm32f1xx_hal_tim.o
 .ARM.attributes
                0x000001b2       0x2d build/stm32f1xx_hal_tim_ex.o
 .ARM.attributes
                0x000001df       0x2d build/stm32f1xx_hal.o
 .ARM.attributes
                0x0000020c       0x2d build/stm32f1xx_hal_rcc.o
 .ARM.attributes
                0x00000239       0x2d build/stm32f1xx_hal_gpio.o
 .ARM.attributes
                0x00000266       0x2d build/stm32f1xx_hal_cortex.o
 .ARM.attributes
                0x00000293       0x2d build/system_stm32f1xx.o
 .ARM.attributes
                0x000002c0       0x21 build/startup_stm32f103x6.o
 .ARM.attributes
                0x000002e1       0x2d c:/stm32toolchain/arm-gnu-toolchain-11.3.rel1-mingw-w64-i686-arm-none-eabi/bin/../lib/gcc/arm-none-eabi/11.3.1/thumb/v7-m/nofp\libc_nano.a(libc_a-memset.o)
 .ARM.attributes
                0x0000030e       0x2d c:/stm32toolchain/arm-gnu-toolchain-11.3.rel1-mingw-w64-i686-arm-none-eabi/bin/../lib/gcc/arm-none-eabi/11.3.1/thumb/v7-m/nofp\libc_nano.a(libc_a-init.o)
 .ARM.attributes
                0x0000033b       0x2d c:/stm32toolchain/arm-gnu-toolchain-11.3.rel1-mingw-w64-i686-arm-none-eabi/bin/../lib/gcc/arm-none-eabi/11.3.1/thumb/v7-m/nofp/crtend.o
 .ARM.attributes
                0x00000368       0x1d c:/stm32toolchain/arm-gnu-toolchain-11.3.rel1-mingw-w64-i686-arm-none-eabi/bin/../lib/gcc/arm-none-eabi/11.3.1/thumb/v7-m/nofp/crtn.o
OUTPUT(build/src.elf elf32-littlearm)
LOAD linker stubs
LOAD c:/stm32toolchain/arm-gnu-toolchain-11.3.rel1-mingw-w64-i686-arm-none-eabi/bin/../lib/gcc/arm-none-eabi/11.3.1/thumb/v7-m/nofp\libc.a
LOAD c:/stm32toolchain/arm-gnu-toolchain-11.3.rel1-mingw-w64-i686-arm-none-eabi/bin/../lib/gcc/arm-none-eabi/11.3.1/thumb/v7-m/nofp\libm.a
LOAD c:/stm32toolchain/arm-gnu-toolchain-11.3.rel1-mingw-w64-i686-arm-none-eabi/bin/../lib/gcc/arm-none-eabi/11.3.1/thumb/v7-m/nofp\libgcc.a

.comment        0x00000000       0x33
 .comment       0x00000000       0x33 c:/stm32toolchain/arm-gnu-toolchain-11.3.rel1-mingw-w64-i686-arm-none-eabi/bin/../lib/gcc/arm-none-eabi/11.3.1/thumb/v7-m/nofp/crtbegin.o
                                 0x34 (size before relaxing)
 .comment       0x00000033       0x34 build/main.o
 .comment       0x00000033       0x34 build/timer.o
 .comment       0x00000033       0x34 build/button.o
 .comment       0x00000033       0x34 build/fsm.o
 .comment       0x00000033       0x34 build/7SEG.o
 .comment       0x00000033       0x34 build/stm32f1xx_it.o
 .comment       0x00000033       0x34 build/stm32f1xx_hal_msp.o
 .comment       0x00000033       0x34 build/stm32f1xx_hal_tim.o
 .comment       0x00000033       0x34 build/stm32f1xx_hal_tim_ex.o
 .comment       0x00000033       0x34 build/stm32f1xx_hal.o
 .comment       0x00000033       0x34 build/stm32f1xx_hal_rcc.o
 .comment       0x00000033       0x34 build/stm32f1xx_hal_gpio.o
 .comment       0x00000033       0x34 build/stm32f1xx_hal_cortex.o
 .comment       0x00000033       0x34 build/system_stm32f1xx.o
 .comment       0x00000033       0x34 c:/stm32toolchain/arm-gnu-toolchain-11.3.rel1-mingw-w64-i686-arm-none-eabi/bin/../lib/gcc/arm-none-eabi/11.3.1/thumb/v7-m/nofp\libc_nano.a(libc_a-memset.o)
 .comment       0x00000033       0x34 c:/stm32toolchain/arm-gnu-toolchain-11.3.rel1-mingw-w64-i686-arm-none-eabi/bin/../lib/gcc/arm-none-eabi/11.3.1/thumb/v7-m/nofp\libc_nano.a(libc_a-init.o)
 .comment       0x00000033       0x34 c:/stm32toolchain/arm-gnu-toolchain-11.3.rel1-mingw-w64-i686-arm-none-eabi/bin/../lib/gcc/arm-none-eabi/11.3.1/thumb/v7-m/nofp/crtend.o

.debug_info     0x00000000     0xb3c4
 .debug_info    0x00000000     0x1158 build/main.o
 .debug_info    0x00001158      0x157 build/timer.o
 .debug_info    0x000012af      0x4cc build/button.o
 .debug_info    0x0000177b      0x1aa build/fsm.o
 .debug_info    0x00001925      0x1aa build/7SEG.o
 .debug_info    0x00001acf      0x7b3 build/stm32f1xx_it.o
 .debug_info    0x00002282      0x9c7 build/stm32f1xx_hal_msp.o
 .debug_info    0x00002c49     0x3e57 build/stm32f1xx_hal_tim.o
 .debug_info    0x00006aa0     0x1c4f build/stm32f1xx_hal_tim_ex.o
 .debug_info    0x000086ef      0x862 build/stm32f1xx_hal.o
 .debug_info    0x00008f51      0xb0c build/stm32f1xx_hal_rcc.o
 .debug_info    0x00009a5d      0x6d7 build/stm32f1xx_hal_gpio.o
 .debug_info    0x0000a134      0xe15 build/stm32f1xx_hal_cortex.o
 .debug_info    0x0000af49      0x26e build/system_stm32f1xx.o
 .debug_info    0x0000b1b7       0x22 build/startup_stm32f103x6.o
 .debug_info    0x0000b1d9       0xe0 c:/stm32toolchain/arm-gnu-toolchain-11.3.rel1-mingw-w64-i686-arm-none-eabi/bin/../lib/gcc/arm-none-eabi/11.3.1/thumb/v7-m/nofp\libc_nano.a(libc_a-memset.o)
 .debug_info    0x0000b2b9      0x10b c:/stm32toolchain/arm-gnu-toolchain-11.3.rel1-mingw-w64-i686-arm-none-eabi/bin/../lib/gcc/arm-none-eabi/11.3.1/thumb/v7-m/nofp\libc_nano.a(libc_a-init.o)

.debug_abbrev   0x00000000     0x1caf
 .debug_abbrev  0x00000000      0x304 build/main.o
 .debug_abbrev  0x00000304       0x9f build/timer.o
 .debug_abbrev  0x000003a3      0x17d build/button.o
 .debug_abbrev  0x00000520       0xc9 build/fsm.o
 .debug_abbrev  0x000005e9       0xfe build/7SEG.o
 .debug_abbrev  0x000006e7      0x190 build/stm32f1xx_it.o
 .debug_abbrev  0x00000877      0x1c5 build/stm32f1xx_hal_msp.o
 .debug_abbrev  0x00000a3c      0x2b6 build/stm32f1xx_hal_tim.o
 .debug_abbrev  0x00000cf2      0x2b0 build/stm32f1xx_hal_tim_ex.o
 .debug_abbrev  0x00000fa2      0x232 build/stm32f1xx_hal.o
 .debug_abbrev  0x000011d4      0x2b8 build/stm32f1xx_hal_rcc.o
 .debug_abbrev  0x0000148c      0x222 build/stm32f1xx_hal_gpio.o
 .debug_abbrev  0x000016ae      0x348 build/stm32f1xx_hal_cortex.o
 .debug_abbrev  0x000019f6      0x140 build/system_stm32f1xx.o
 .debug_abbrev  0x00001b36       0x12 build/startup_stm32f103x6.o
 .debug_abbrev  0x00001b48       0x9e c:/stm32toolchain/arm-gnu-toolchain-11.3.rel1-mingw-w64-i686-arm-none-eabi/bin/../lib/gcc/arm-none-eabi/11.3.1/thumb/v7-m/nofp\libc_nano.a(libc_a-memset.o)
 .debug_abbrev  0x00001be6       0xc9 c:/stm32toolchain/arm-gnu-toolchain-11.3.rel1-mingw-w64-i686-arm-none-eabi/bin/../lib/gcc/arm-none-eabi/11.3.1/thumb/v7-m/nofp\libc_nano.a(libc_a-init.o)

.debug_loc      0x00000000     0x9132
 .debug_loc     0x00000000      0x270 build/main.o
 .debug_loc     0x00000270       0x2a build/timer.o
 .debug_loc     0x0000029a       0xc9 build/button.o
 .debug_loc     0x00000363      0x1f5 build/fsm.o
 .debug_loc     0x00000558       0x2b build/7SEG.o
 .debug_loc     0x00000583       0x40 build/stm32f1xx_it.o
 .debug_loc     0x000005c3       0xeb build/stm32f1xx_hal_msp.o
 .debug_loc     0x000006ae     0x5331 build/stm32f1xx_hal_tim.o
 .debug_loc     0x000059df     0x1f68 build/stm32f1xx_hal_tim_ex.o
 .debug_loc     0x00007947      0x1e1 build/stm32f1xx_hal.o
 .debug_loc     0x00007b28      0x7ee build/stm32f1xx_hal_rcc.o
 .debug_loc     0x00008316      0x511 build/stm32f1xx_hal_gpio.o
 .debug_loc     0x00008827      0x80c build/stm32f1xx_hal_cortex.o
 .debug_loc     0x00009033       0xff build/system_stm32f1xx.o

.debug_aranges  0x00000000      0x9e8
 .debug_aranges
                0x00000000       0x48 build/main.o
 .debug_aranges
                0x00000048       0x40 build/timer.o
 .debug_aranges
                0x00000088       0x58 build/button.o
 .debug_aranges
                0x000000e0       0x30 build/fsm.o
 .debug_aranges
                0x00000110       0x20 build/7SEG.o
 .debug_aranges
                0x00000130       0x68 build/stm32f1xx_it.o
 .debug_aranges
                0x00000198       0x30 build/stm32f1xx_hal_msp.o
 .debug_aranges
                0x000001c8      0x3d0 build/stm32f1xx_hal_tim.o
 .debug_aranges
                0x00000598      0x168 build/stm32f1xx_hal_tim_ex.o
 .debug_aranges
                0x00000700       0xe0 build/stm32f1xx_hal.o
 .debug_aranges
                0x000007e0       0x90 build/stm32f1xx_hal_rcc.o
 .debug_aranges
                0x00000870       0x58 build/stm32f1xx_hal_gpio.o
 .debug_aranges
                0x000008c8       0x90 build/stm32f1xx_hal_cortex.o
 .debug_aranges
                0x00000958       0x28 build/system_stm32f1xx.o
 .debug_aranges
                0x00000980       0x28 build/startup_stm32f103x6.o
 .debug_aranges
                0x000009a8       0x20 c:/stm32toolchain/arm-gnu-toolchain-11.3.rel1-mingw-w64-i686-arm-none-eabi/bin/../lib/gcc/arm-none-eabi/11.3.1/thumb/v7-m/nofp\libc_nano.a(libc_a-memset.o)
 .debug_aranges
                0x000009c8       0x20 c:/stm32toolchain/arm-gnu-toolchain-11.3.rel1-mingw-w64-i686-arm-none-eabi/bin/../lib/gcc/arm-none-eabi/11.3.1/thumb/v7-m/nofp\libc_nano.a(libc_a-init.o)

.debug_ranges   0x00000000      0x958
 .debug_ranges  0x00000000       0x50 build/main.o
 .debug_ranges  0x00000050       0x30 build/timer.o
 .debug_ranges  0x00000080       0x48 build/button.o
 .debug_ranges  0x000000c8       0x20 build/fsm.o
 .debug_ranges  0x000000e8       0x10 build/7SEG.o
 .debug_ranges  0x000000f8       0x58 build/stm32f1xx_it.o
 .debug_ranges  0x00000150       0x20 build/stm32f1xx_hal_msp.o
 .debug_ranges  0x00000170      0x3c0 build/stm32f1xx_hal_tim.o
 .debug_ranges  0x00000530      0x158 build/stm32f1xx_hal_tim_ex.o
 .debug_ranges  0x00000688       0xd0 build/stm32f1xx_hal.o
 .debug_ranges  0x00000758       0xa0 build/stm32f1xx_hal_rcc.o
 .debug_ranges  0x000007f8       0x48 build/stm32f1xx_hal_gpio.o
 .debug_ranges  0x00000840       0xe0 build/stm32f1xx_hal_cortex.o
 .debug_ranges  0x00000920       0x18 build/system_stm32f1xx.o
 .debug_ranges  0x00000938       0x20 build/startup_stm32f103x6.o

.debug_line     0x00000000     0x97ad
 .debug_line    0x00000000      0x51b build/main.o
 .debug_line    0x0000051b       0xfa build/timer.o
 .debug_line    0x00000615      0x44e build/button.o
 .debug_line    0x00000a63      0x1a5 build/fsm.o
 .debug_line    0x00000c08      0x18a build/7SEG.o
 .debug_line    0x00000d92      0x2ff build/stm32f1xx_it.o
 .debug_line    0x00001091      0x26b build/stm32f1xx_hal_msp.o
 .debug_line    0x000012fc     0x461c build/stm32f1xx_hal_tim.o
 .debug_line    0x00005918     0x1b3b build/stm32f1xx_hal_tim_ex.o
 .debug_line    0x00007453      0x542 build/stm32f1xx_hal.o
 .debug_line    0x00007995      0xc38 build/stm32f1xx_hal_rcc.o
 .debug_line    0x000085cd      0x5db build/stm32f1xx_hal_gpio.o
 .debug_line    0x00008ba8      0x64c build/stm32f1xx_hal_cortex.o
 .debug_line    0x000091f4      0x25a build/system_stm32f1xx.o
 .debug_line    0x0000944e       0x75 build/startup_stm32f103x6.o
 .debug_line    0x000094c3      0x176 c:/stm32toolchain/arm-gnu-toolchain-11.3.rel1-mingw-w64-i686-arm-none-eabi/bin/../lib/gcc/arm-none-eabi/11.3.1/thumb/v7-m/nofp\libc_nano.a(libc_a-memset.o)
 .debug_line    0x00009639      0x174 c:/stm32toolchain/arm-gnu-toolchain-11.3.rel1-mingw-w64-i686-arm-none-eabi/bin/../lib/gcc/arm-none-eabi/11.3.1/thumb/v7-m/nofp\libc_nano.a(libc_a-init.o)

.debug_str      0x00000000     0x2fb3
 .debug_str     0x00000000      0xa98 build/main.o
                                0xb57 (size before relaxing)
 .debug_str     0x00000a98       0x2d build/timer.o
                                0x1ae (size before relaxing)
 .debug_str     0x00000ac5       0x8f build/button.o
                                0x2c0 (size before relaxing)
 .debug_str     0x00000b54       0x55 build/fsm.o
                                0x187 (size before relaxing)
 .debug_str     0x00000ba9       0x2a build/7SEG.o
                                0x1b9 (size before relaxing)
 .debug_str     0x00000bd3       0xd7 build/stm32f1xx_it.o
                                0x6e9 (size before relaxing)
 .debug_str     0x00000caa      0x340 build/stm32f1xx_hal_msp.o
                                0x992 (size before relaxing)
 .debug_str     0x00000fea      0xe7d build/stm32f1xx_hal_tim.o
                               0x1644 (size before relaxing)
 .debug_str     0x00001e67      0x4eb build/stm32f1xx_hal_tim_ex.o
                                0xe60 (size before relaxing)
 .debug_str     0x00002352      0x309 build/stm32f1xx_hal.o
                                0x7ca (size before relaxing)
 .debug_str     0x0000265b      0x208 build/stm32f1xx_hal_rcc.o
                                0x601 (size before relaxing)
 .debug_str     0x00002863      0x123 build/stm32f1xx_hal_gpio.o
                                0x3d6 (size before relaxing)
 .debug_str     0x00002986      0x391 build/stm32f1xx_hal_cortex.o
                                0x86f (size before relaxing)
 .debug_str     0x00002d17       0x4f build/system_stm32f1xx.o
                                0x22a (size before relaxing)
 .debug_str     0x00002d66       0x22 build/startup_stm32f103x6.o
                                 0x51 (size before relaxing)
 .debug_str     0x00002d88      0x168 c:/stm32toolchain/arm-gnu-toolchain-11.3.rel1-mingw-w64-i686-arm-none-eabi/bin/../lib/gcc/arm-none-eabi/11.3.1/thumb/v7-m/nofp\libc_nano.a(libc_a-memset.o)
                                0x204 (size before relaxing)
 .debug_str     0x00002ef0       0xc3 c:/stm32toolchain/arm-gnu-toolchain-11.3.rel1-mingw-w64-i686-arm-none-eabi/bin/../lib/gcc/arm-none-eabi/11.3.1/thumb/v7-m/nofp\libc_nano.a(libc_a-init.o)
                                0x265 (size before relaxing)

.debug_frame    0x00000000     0x1848
 .debug_frame   0x00000000       0xc4 build/main.o
 .debug_frame   0x000000c4       0x60 build/timer.o
 .debug_frame   0x00000124       0xb4 build/button.o
 .debug_frame   0x000001d8       0x40 build/fsm.o
 .debug_frame   0x00000218       0x20 build/7SEG.o
 .debug_frame   0x00000238       0xc0 build/stm32f1xx_it.o
 .debug_frame   0x000002f8       0x5c build/stm32f1xx_hal_msp.o
 .debug_frame   0x00000354      0xb14 build/stm32f1xx_hal_tim.o
 .debug_frame   0x00000e68      0x40c build/stm32f1xx_hal_tim_ex.o
 .debug_frame   0x00001274      0x1cc build/stm32f1xx_hal.o
 .debug_frame   0x00001440      0x190 build/stm32f1xx_hal_rcc.o
 .debug_frame   0x000015d0       0xe4 build/stm32f1xx_hal_gpio.o
 .debug_frame   0x000016b4      0x118 build/stm32f1xx_hal_cortex.o
 .debug_frame   0x000017cc       0x30 build/system_stm32f1xx.o
 .debug_frame   0x000017fc       0x20 c:/stm32toolchain/arm-gnu-toolchain-11.3.rel1-mingw-w64-i686-arm-none-eabi/bin/../lib/gcc/arm-none-eabi/11.3.1/thumb/v7-m/nofp\libc_nano.a(libc_a-memset.o)
 .debug_frame   0x0000181c       0x2c c:/stm32toolchain/arm-gnu-toolchain-11.3.rel1-mingw-w64-i686-arm-none-eabi/bin/../lib/gcc/arm-none-eabi/11.3.1/thumb/v7-m/nofp\libc_nano.a(libc_a-init.o)

.debug_loclists
                0x00000000       0x6f
 .debug_loclists
                0x00000000       0x3b c:/stm32toolchain/arm-gnu-toolchain-11.3.rel1-mingw-w64-i686-arm-none-eabi/bin/../lib/gcc/arm-none-eabi/11.3.1/thumb/v7-m/nofp\libc_nano.a(libc_a-memset.o)
 .debug_loclists
                0x0000003b       0x34 c:/stm32toolchain/arm-gnu-toolchain-11.3.rel1-mingw-w64-i686-arm-none-eabi/bin/../lib/gcc/arm-none-eabi/11.3.1/thumb/v7-m/nofp\libc_nano.a(libc_a-init.o)

.debug_rnglists
                0x00000000       0x26
 .debug_rnglists
                0x00000000       0x13 c:/stm32toolchain/arm-gnu-toolchain-11.3.rel1-mingw-w64-i686-arm-none-eabi/bin/../lib/gcc/arm-none-eabi/11.3.1/thumb/v7-m/nofp\libc_nano.a(libc_a-memset.o)
 .debug_rnglists
                0x00000013       0x13 c:/stm32toolchain/arm-gnu-toolchain-11.3.rel1-mingw-w64-i686-arm-none-eabi/bin/../lib/gcc/arm-none-eabi/11.3.1/thumb/v7-m/nofp\libc_nano.a(libc_a-init.o)

Cross Reference Table

Symbol                                            File
ADC1_2_IRQHandler                                 build/startup_stm32f103x6.o
AHBPrescTable                                     build/system_stm32f1xx.o
                                                  build/stm32f1xx_hal_rcc.o
APBPrescTable                                     build/system_stm32f1xx.o
                                                  build/stm32f1xx_hal_rcc.o
BusFault_Handler                                  build/stm32f1xx_it.o
CAN1_RX1_IRQHandler                               build/startup_stm32f103x6.o
CAN1_SCE_IRQHandler                               build/startup_stm32f103x6.o
DMA1_Channel1_IRQHandler                          build/startup_stm32f103x6.o
DMA1_Channel2_IRQHandler                          build/startup_stm32f103x6.o
DMA1_Channel3_IRQHandler                          build/startup_stm32f103x6.o
DMA1_Channel4_IRQHandler                          build/startup_stm32f103x6.o
DMA1_Channel5_IRQHandler                          build/startup_stm32f103x6.o
DMA1_Channel6_IRQHandler                          build/startup_stm32f103x6.o
DMA1_Channel7_IRQHandler                          build/startup_stm32f103x6.o
DebugMon_Handler                                  build/stm32f1xx_it.o
Default_Handler                                   build/startup_stm32f103x6.o
EXTI0_IRQHandler                                  build/startup_stm32f103x6.o
EXTI15_10_IRQHandler                              build/startup_stm32f103x6.o
EXTI1_IRQHandler                                  build/startup_stm32f103x6.o
EXTI2_IRQHandler                                  build/startup_stm32f103x6.o
EXTI3_IRQHandler                                  build/startup_stm32f103x6.o
EXTI4_IRQHandler                                  build/startup_stm32f103x6.o
EXTI9_5_IRQHandler                                build/startup_stm32f103x6.o
Error_Handler                                     build/main.o
FLASH_IRQHandler                                  build/startup_stm32f103x6.o
FLASH_PageErase                                   build/stm32f1xx_hal_flash_ex.o
                                                  build/stm32f1xx_hal_flash.o
FLASH_WaitForLastOperation                        build/stm32f1xx_hal_flash.o
                                                  build/stm32f1xx_hal_flash_ex.o
HAL_DBGMCU_DisableDBGSleepMode                    build/stm32f1xx_hal.o
HAL_DBGMCU_DisableDBGStandbyMode                  build/stm32f1xx_hal.o
HAL_DBGMCU_DisableDBGStopMode                     build/stm32f1xx_hal.o
HAL_DBGMCU_EnableDBGSleepMode                     build/stm32f1xx_hal.o
HAL_DBGMCU_EnableDBGStandbyMode                   build/stm32f1xx_hal.o
HAL_DBGMCU_EnableDBGStopMode                      build/stm32f1xx_hal.o
HAL_DMA_Abort                                     build/stm32f1xx_hal_dma.o
HAL_DMA_Abort_IT                                  build/stm32f1xx_hal_dma.o
                                                  build/stm32f1xx_hal_tim_ex.o
                                                  build/stm32f1xx_hal_tim.o
HAL_DMA_DeInit                                    build/stm32f1xx_hal_dma.o
HAL_DMA_GetError                                  build/stm32f1xx_hal_dma.o
HAL_DMA_GetState                                  build/stm32f1xx_hal_dma.o
HAL_DMA_IRQHandler                                build/stm32f1xx_hal_dma.o
HAL_DMA_Init                                      build/stm32f1xx_hal_dma.o
HAL_DMA_PollForTransfer                           build/stm32f1xx_hal_dma.o
HAL_DMA_RegisterCallback                          build/stm32f1xx_hal_dma.o
HAL_DMA_Start                                     build/stm32f1xx_hal_dma.o
HAL_DMA_Start_IT                                  build/stm32f1xx_hal_dma.o
                                                  build/stm32f1xx_hal_tim_ex.o
                                                  build/stm32f1xx_hal_tim.o
HAL_DMA_UnRegisterCallback                        build/stm32f1xx_hal_dma.o
HAL_DeInit                                        build/stm32f1xx_hal.o
HAL_Delay                                         build/stm32f1xx_hal.o
HAL_EXTI_ClearConfigLine                          build/stm32f1xx_hal_exti.o
HAL_EXTI_ClearPending                             build/stm32f1xx_hal_exti.o
HAL_EXTI_GenerateSWI                              build/stm32f1xx_hal_exti.o
HAL_EXTI_GetConfigLine                            build/stm32f1xx_hal_exti.o
HAL_EXTI_GetHandle                                build/stm32f1xx_hal_exti.o
HAL_EXTI_GetPending                               build/stm32f1xx_hal_exti.o
HAL_EXTI_IRQHandler                               build/stm32f1xx_hal_exti.o
HAL_EXTI_RegisterCallback                         build/stm32f1xx_hal_exti.o
HAL_EXTI_SetConfigLine                            build/stm32f1xx_hal_exti.o
HAL_FLASHEx_Erase                                 build/stm32f1xx_hal_flash_ex.o
HAL_FLASHEx_Erase_IT                              build/stm32f1xx_hal_flash_ex.o
HAL_FLASHEx_OBErase                               build/stm32f1xx_hal_flash_ex.o
HAL_FLASHEx_OBGetConfig                           build/stm32f1xx_hal_flash_ex.o
HAL_FLASHEx_OBGetUserData                         build/stm32f1xx_hal_flash_ex.o
HAL_FLASHEx_OBProgram                             build/stm32f1xx_hal_flash_ex.o
HAL_FLASH_EndOfOperationCallback                  build/stm32f1xx_hal_flash.o
HAL_FLASH_GetError                                build/stm32f1xx_hal_flash.o
HAL_FLASH_IRQHandler                              build/stm32f1xx_hal_flash.o
HAL_FLASH_Lock                                    build/stm32f1xx_hal_flash.o
HAL_FLASH_OB_Launch                               build/stm32f1xx_hal_flash.o
HAL_FLASH_OB_Lock                                 build/stm32f1xx_hal_flash.o
HAL_FLASH_OB_Unlock                               build/stm32f1xx_hal_flash.o
HAL_FLASH_OperationErrorCallback                  build/stm32f1xx_hal_flash.o
HAL_FLASH_Program                                 build/stm32f1xx_hal_flash.o
HAL_FLASH_Program_IT                              build/stm32f1xx_hal_flash.o
HAL_FLASH_Unlock                                  build/stm32f1xx_hal_flash.o
HAL_GPIOEx_ConfigEventout                         build/stm32f1xx_hal_gpio_ex.o
HAL_GPIOEx_DisableEventout                        build/stm32f1xx_hal_gpio_ex.o
HAL_GPIOEx_EnableEventout                         build/stm32f1xx_hal_gpio_ex.o
HAL_GPIO_DeInit                                   build/stm32f1xx_hal_gpio.o
HAL_GPIO_EXTI_Callback                            build/stm32f1xx_hal_gpio.o
HAL_GPIO_EXTI_IRQHandler                          build/stm32f1xx_hal_gpio.o
HAL_GPIO_Init                                     build/stm32f1xx_hal_gpio.o
                                                  build/stm32f1xx_hal_rcc.o
                                                  build/main.o
HAL_GPIO_LockPin                                  build/stm32f1xx_hal_gpio.o
HAL_GPIO_ReadPin                                  build/stm32f1xx_hal_gpio.o
                                                  build/button.o
HAL_GPIO_TogglePin                                build/stm32f1xx_hal_gpio.o
                                                  build/main.o
HAL_GPIO_WritePin                                 build/stm32f1xx_hal_gpio.o
                                                  build/main.o
HAL_GetDEVID                                      build/stm32f1xx_hal.o
HAL_GetHalVersion                                 build/stm32f1xx_hal.o
HAL_GetREVID                                      build/stm32f1xx_hal.o
HAL_GetTick                                       build/stm32f1xx_hal.o
                                                  build/stm32f1xx_hal_flash.o
                                                  build/stm32f1xx_hal_dma.o
                                                  build/stm32f1xx_hal_rcc_ex.o
                                                  build/stm32f1xx_hal_rcc.o
HAL_GetTickFreq                                   build/stm32f1xx_hal.o
HAL_GetTickPrio                                   build/stm32f1xx_hal.o
HAL_GetUIDw0                                      build/stm32f1xx_hal.o
HAL_GetUIDw1                                      build/stm32f1xx_hal.o
HAL_GetUIDw2                                      build/stm32f1xx_hal.o
HAL_IncTick                                       build/stm32f1xx_hal.o
                                                  build/stm32f1xx_it.o
HAL_Init                                          build/stm32f1xx_hal.o
                                                  build/main.o
HAL_InitTick                                      build/stm32f1xx_hal.o
                                                  build/stm32f1xx_hal_rcc.o
HAL_MspDeInit                                     build/stm32f1xx_hal.o
HAL_MspInit                                       build/stm32f1xx_hal_msp.o
HAL_NVIC_ClearPendingIRQ                          build/stm32f1xx_hal_cortex.o
HAL_NVIC_DisableIRQ                               build/stm32f1xx_hal_cortex.o
                                                  build/stm32f1xx_hal_msp.o
HAL_NVIC_EnableIRQ                                build/stm32f1xx_hal_cortex.o
                                                  build/stm32f1xx_hal_msp.o
HAL_NVIC_GetActive                                build/stm32f1xx_hal_cortex.o
HAL_NVIC_GetPendingIRQ                            build/stm32f1xx_hal_cortex.o
HAL_NVIC_GetPriority                              build/stm32f1xx_hal_cortex.o
HAL_NVIC_GetPriorityGrouping                      build/stm32f1xx_hal_cortex.o
HAL_NVIC_SetPendingIRQ                            build/stm32f1xx_hal_cortex.o
HAL_NVIC_SetPriority                              build/stm32f1xx_hal_cortex.o
                                                  build/stm32f1xx_hal.o
                                                  build/stm32f1xx_hal_msp.o
HAL_NVIC_SetPriorityGrouping                      build/stm32f1xx_hal_cortex.o
                                                  build/stm32f1xx_hal.o
HAL_NVIC_SystemReset                              build/stm32f1xx_hal_cortex.o
                                                  build/stm32f1xx_hal_flash.o
HAL_PWR_ConfigPVD                                 build/stm32f1xx_hal_pwr.o
HAL_PWR_DeInit                                    build/stm32f1xx_hal_pwr.o
HAL_PWR_DisableBkUpAccess                         build/stm32f1xx_hal_pwr.o
HAL_PWR_DisablePVD                                build/stm32f1xx_hal_pwr.o
HAL_PWR_DisableSEVOnPend                          build/stm32f1xx_hal_pwr.o
HAL_PWR_DisableSleepOnExit                        build/stm32f1xx_hal_pwr.o
HAL_PWR_DisableWakeUpPin                          build/stm32f1xx_hal_pwr.o
HAL_PWR_EnableBkUpAccess                          build/stm32f1xx_hal_pwr.o
HAL_PWR_EnablePVD                                 build/stm32f1xx_hal_pwr.o
HAL_PWR_EnableSEVOnPend                           build/stm32f1xx_hal_pwr.o
HAL_PWR_EnableSleepOnExit                         build/stm32f1xx_hal_pwr.o
HAL_PWR_EnableWakeUpPin                           build/stm32f1xx_hal_pwr.o
HAL_PWR_EnterSLEEPMode                            build/stm32f1xx_hal_pwr.o
HAL_PWR_EnterSTANDBYMode                          build/stm32f1xx_hal_pwr.o
HAL_PWR_EnterSTOPMode                             build/stm32f1xx_hal_pwr.o
HAL_PWR_PVDCallback                               build/stm32f1xx_hal_pwr.o
HAL_PWR_PVD_IRQHandler                            build/stm32f1xx_hal_pwr.o
HAL_RCCEx_GetPeriphCLKConfig                      build/stm32f1xx_hal_rcc_ex.o
HAL_RCCEx_GetPeriphCLKFreq                        build/stm32f1xx_hal_rcc_ex.o
HAL_RCCEx_PeriphCLKConfig                         build/stm32f1xx_hal_rcc_ex.o
HAL_RCC_CSSCallback                               build/stm32f1xx_hal_rcc.o
HAL_RCC_ClockConfig                               build/stm32f1xx_hal_rcc.o
                                                  build/main.o
HAL_RCC_DeInit                                    build/stm32f1xx_hal_rcc.o
HAL_RCC_DisableCSS                                build/stm32f1xx_hal_rcc.o
HAL_RCC_EnableCSS                                 build/stm32f1xx_hal_rcc.o
HAL_RCC_GetClockConfig                            build/stm32f1xx_hal_rcc.o
HAL_RCC_GetHCLKFreq                               build/stm32f1xx_hal_rcc.o
HAL_RCC_GetOscConfig                              build/stm32f1xx_hal_rcc.o
HAL_RCC_GetPCLK1Freq                              build/stm32f1xx_hal_rcc.o
HAL_RCC_GetPCLK2Freq                              build/stm32f1xx_hal_rcc.o
                                                  build/stm32f1xx_hal_rcc_ex.o
HAL_RCC_GetSysClockFreq                           build/stm32f1xx_hal_rcc.o
HAL_RCC_MCOConfig                                 build/stm32f1xx_hal_rcc.o
HAL_RCC_NMI_IRQHandler                            build/stm32f1xx_hal_rcc.o
HAL_RCC_OscConfig                                 build/stm32f1xx_hal_rcc.o
                                                  build/main.o
HAL_ResumeTick                                    build/stm32f1xx_hal.o
HAL_SYSTICK_CLKSourceConfig                       build/stm32f1xx_hal_cortex.o
HAL_SYSTICK_Callback                              build/stm32f1xx_hal_cortex.o
HAL_SYSTICK_Config                                build/stm32f1xx_hal_cortex.o
                                                  build/stm32f1xx_hal.o
HAL_SYSTICK_IRQHandler                            build/stm32f1xx_hal_cortex.o
HAL_SetTickFreq                                   build/stm32f1xx_hal.o
HAL_SuspendTick                                   build/stm32f1xx_hal.o
HAL_TIMEx_BreakCallback                           build/stm32f1xx_hal_tim_ex.o
                                                  build/stm32f1xx_hal_tim.o
HAL_TIMEx_CommutCallback                          build/stm32f1xx_hal_tim_ex.o
                                                  build/stm32f1xx_hal_tim.o
HAL_TIMEx_CommutHalfCpltCallback                  build/stm32f1xx_hal_tim_ex.o
HAL_TIMEx_ConfigBreakDeadTime                     build/stm32f1xx_hal_tim_ex.o
HAL_TIMEx_ConfigCommutEvent                       build/stm32f1xx_hal_tim_ex.o
HAL_TIMEx_ConfigCommutEvent_DMA                   build/stm32f1xx_hal_tim_ex.o
HAL_TIMEx_ConfigCommutEvent_IT                    build/stm32f1xx_hal_tim_ex.o
HAL_TIMEx_GetChannelNState                        build/stm32f1xx_hal_tim_ex.o
HAL_TIMEx_HallSensor_DeInit                       build/stm32f1xx_hal_tim_ex.o
HAL_TIMEx_HallSensor_GetState                     build/stm32f1xx_hal_tim_ex.o
HAL_TIMEx_HallSensor_Init                         build/stm32f1xx_hal_tim_ex.o
HAL_TIMEx_HallSensor_MspDeInit                    build/stm32f1xx_hal_tim_ex.o
HAL_TIMEx_HallSensor_MspInit                      build/stm32f1xx_hal_tim_ex.o
HAL_TIMEx_HallSensor_Start                        build/stm32f1xx_hal_tim_ex.o
HAL_TIMEx_HallSensor_Start_DMA                    build/stm32f1xx_hal_tim_ex.o
HAL_TIMEx_HallSensor_Start_IT                     build/stm32f1xx_hal_tim_ex.o
HAL_TIMEx_HallSensor_Stop                         build/stm32f1xx_hal_tim_ex.o
HAL_TIMEx_HallSensor_Stop_DMA                     build/stm32f1xx_hal_tim_ex.o
HAL_TIMEx_HallSensor_Stop_IT                      build/stm32f1xx_hal_tim_ex.o
HAL_TIMEx_MasterConfigSynchronization             build/stm32f1xx_hal_tim_ex.o
                                                  build/main.o
HAL_TIMEx_OCN_Start                               build/stm32f1xx_hal_tim_ex.o
HAL_TIMEx_OCN_Start_DMA                           build/stm32f1xx_hal_tim_ex.o
HAL_TIMEx_OCN_Start_IT                            build/stm32f1xx_hal_tim_ex.o
HAL_TIMEx_OCN_Stop                                build/stm32f1xx_hal_tim_ex.o
HAL_TIMEx_OCN_Stop_DMA                            build/stm32f1xx_hal_tim_ex.o
HAL_TIMEx_OCN_Stop_IT                             build/stm32f1xx_hal_tim_ex.o
HAL_TIMEx_OnePulseN_Start                         build/stm32f1xx_hal_tim_ex.o
HAL_TIMEx_OnePulseN_Start_IT                      build/stm32f1xx_hal_tim_ex.o
HAL_TIMEx_OnePulseN_Stop                          build/stm32f1xx_hal_tim_ex.o
HAL_TIMEx_OnePulseN_Stop_IT                       build/stm32f1xx_hal_tim_ex.o
HAL_TIMEx_PWMN_Start                              build/stm32f1xx_hal_tim_ex.o
HAL_TIMEx_PWMN_Start_DMA                          build/stm32f1xx_hal_tim_ex.o
HAL_TIMEx_PWMN_Start_IT                           build/stm32f1xx_hal_tim_ex.o
HAL_TIMEx_PWMN_Stop                               build/stm32f1xx_hal_tim_ex.o
HAL_TIMEx_PWMN_Stop_DMA                           build/stm32f1xx_hal_tim_ex.o
HAL_TIMEx_PWMN_Stop_IT                            build/stm32f1xx_hal_tim_ex.o
HAL_TIMEx_RemapConfig                             build/stm32f1xx_hal_tim_ex.o
HAL_TIM_Base_DeInit                               build/stm32f1xx_hal_tim.o
HAL_TIM_Base_GetState                             build/stm32f1xx_hal_tim.o
HAL_TIM_Base_Init                                 build/stm32f1xx_hal_tim.o
                                                  build/main.o
HAL_TIM_Base_MspDeInit                            build/stm32f1xx_hal_msp.o
HAL_TIM_Base_MspInit                              build/stm32f1xx_hal_msp.o
HAL_TIM_Base_Start                                build/stm32f1xx_hal_tim.o
HAL_TIM_Base_Start_DMA                            build/stm32f1xx_hal_tim.o
HAL_TIM_Base_Start_IT                             build/stm32f1xx_hal_tim.o
                                                  build/main.o
HAL_TIM_Base_Stop                                 build/stm32f1xx_hal_tim.o
HAL_TIM_Base_Stop_DMA                             build/stm32f1xx_hal_tim.o
HAL_TIM_Base_Stop_IT                              build/stm32f1xx_hal_tim.o
HAL_TIM_ConfigClockSource                         build/stm32f1xx_hal_tim.o
                                                  build/main.o
HAL_TIM_ConfigOCrefClear                          build/stm32f1xx_hal_tim.o
HAL_TIM_ConfigTI1Input                            build/stm32f1xx_hal_tim.o
HAL_TIM_DMABurstState                             build/stm32f1xx_hal_tim.o
HAL_TIM_DMABurst_MultiReadStart                   build/stm32f1xx_hal_tim.o
HAL_TIM_DMABurst_MultiWriteStart                  build/stm32f1xx_hal_tim.o
HAL_TIM_DMABurst_ReadStart                        build/stm32f1xx_hal_tim.o
HAL_TIM_DMABurst_ReadStop                         build/stm32f1xx_hal_tim.o
HAL_TIM_DMABurst_WriteStart                       build/stm32f1xx_hal_tim.o
HAL_TIM_DMABurst_WriteStop                        build/stm32f1xx_hal_tim.o
HAL_TIM_Encoder_DeInit                            build/stm32f1xx_hal_tim.o
HAL_TIM_Encoder_GetState                          build/stm32f1xx_hal_tim.o
HAL_TIM_Encoder_Init                              build/stm32f1xx_hal_tim.o
HAL_TIM_Encoder_MspDeInit                         build/stm32f1xx_hal_tim.o
HAL_TIM_Encoder_MspInit                           build/stm32f1xx_hal_tim.o
HAL_TIM_Encoder_Start                             build/stm32f1xx_hal_tim.o
HAL_TIM_Encoder_Start_DMA                         build/stm32f1xx_hal_tim.o
HAL_TIM_Encoder_Start_IT                          build/stm32f1xx_hal_tim.o
HAL_TIM_Encoder_Stop                              build/stm32f1xx_hal_tim.o
HAL_TIM_Encoder_Stop_DMA                          build/stm32f1xx_hal_tim.o
HAL_TIM_Encoder_Stop_IT                           build/stm32f1xx_hal_tim.o
HAL_TIM_ErrorCallback                             build/stm32f1xx_hal_tim.o
                                                  build/stm32f1xx_hal_tim_ex.o
HAL_TIM_GenerateEvent                             build/stm32f1xx_hal_tim.o
HAL_TIM_GetActiveChannel                          build/stm32f1xx_hal_tim.o
HAL_TIM_GetChannelState                           build/stm32f1xx_hal_tim.o
HAL_TIM_IC_CaptureCallback                        build/stm32f1xx_hal_tim.o
HAL_TIM_IC_CaptureHalfCpltCallback                build/stm32f1xx_hal_tim.o
HAL_TIM_IC_ConfigChannel                          build/stm32f1xx_hal_tim.o
HAL_TIM_IC_DeInit                                 build/stm32f1xx_hal_tim.o
HAL_TIM_IC_GetState                               build/stm32f1xx_hal_tim.o
HAL_TIM_IC_Init                                   build/stm32f1xx_hal_tim.o
HAL_TIM_IC_MspDeInit                              build/stm32f1xx_hal_tim.o
HAL_TIM_IC_MspInit                                build/stm32f1xx_hal_tim.o
HAL_TIM_IC_Start                                  build/stm32f1xx_hal_tim.o
HAL_TIM_IC_Start_DMA                              build/stm32f1xx_hal_tim.o
HAL_TIM_IC_Start_IT                               build/stm32f1xx_hal_tim.o
HAL_TIM_IC_Stop                                   build/stm32f1xx_hal_tim.o
HAL_TIM_IC_Stop_DMA                               build/stm32f1xx_hal_tim.o
HAL_TIM_IC_Stop_IT                                build/stm32f1xx_hal_tim.o
HAL_TIM_IRQHandler                                build/stm32f1xx_hal_tim.o
                                                  build/stm32f1xx_it.o
HAL_TIM_OC_ConfigChannel                          build/stm32f1xx_hal_tim.o
HAL_TIM_OC_DeInit                                 build/stm32f1xx_hal_tim.o
HAL_TIM_OC_DelayElapsedCallback                   build/stm32f1xx_hal_tim.o
HAL_TIM_OC_GetState                               build/stm32f1xx_hal_tim.o
HAL_TIM_OC_Init                                   build/stm32f1xx_hal_tim.o
HAL_TIM_OC_MspDeInit                              build/stm32f1xx_hal_tim.o
HAL_TIM_OC_MspInit                                build/stm32f1xx_hal_tim.o
HAL_TIM_OC_Start                                  build/stm32f1xx_hal_tim.o
HAL_TIM_OC_Start_DMA                              build/stm32f1xx_hal_tim.o
HAL_TIM_OC_Start_IT                               build/stm32f1xx_hal_tim.o
HAL_TIM_OC_Stop                                   build/stm32f1xx_hal_tim.o
HAL_TIM_OC_Stop_DMA                               build/stm32f1xx_hal_tim.o
HAL_TIM_OC_Stop_IT                                build/stm32f1xx_hal_tim.o
HAL_TIM_OnePulse_ConfigChannel                    build/stm32f1xx_hal_tim.o
HAL_TIM_OnePulse_DeInit                           build/stm32f1xx_hal_tim.o
HAL_TIM_OnePulse_GetState                         build/stm32f1xx_hal_tim.o
HAL_TIM_OnePulse_Init                             build/stm32f1xx_hal_tim.o
HAL_TIM_OnePulse_MspDeInit                        build/stm32f1xx_hal_tim.o
HAL_TIM_OnePulse_MspInit                          build/stm32f1xx_hal_tim.o
HAL_TIM_OnePulse_Start                            build/stm32f1xx_hal_tim.o
HAL_TIM_OnePulse_Start_IT                         build/stm32f1xx_hal_tim.o
HAL_TIM_OnePulse_Stop                             build/stm32f1xx_hal_tim.o
HAL_TIM_OnePulse_Stop_IT                          build/stm32f1xx_hal_tim.o
HAL_TIM_PWM_ConfigChannel                         build/stm32f1xx_hal_tim.o
HAL_TIM_PWM_DeInit                                build/stm32f1xx_hal_tim.o
HAL_TIM_PWM_GetState                              build/stm32f1xx_hal_tim.o
HAL_TIM_PWM_Init                                  build/stm32f1xx_hal_tim.o
HAL_TIM_PWM_MspDeInit                             build/stm32f1xx_hal_tim.o
HAL_TIM_PWM_MspInit                               build/stm32f1xx_hal_tim.o
HAL_TIM_PWM_PulseFinishedCallback                 build/stm32f1xx_hal_tim.o
                                                  build/stm32f1xx_hal_tim_ex.o
HAL_TIM_PWM_PulseFinishedHalfCpltCallback         build/stm32f1xx_hal_tim.o
HAL_TIM_PWM_Start                                 build/stm32f1xx_hal_tim.o
HAL_TIM_PWM_Start_DMA                             build/stm32f1xx_hal_tim.o
HAL_TIM_PWM_Start_IT                              build/stm32f1xx_hal_tim.o
HAL_TIM_PWM_Stop                                  build/stm32f1xx_hal_tim.o
HAL_TIM_PWM_Stop_DMA                              build/stm32f1xx_hal_tim.o
HAL_TIM_PWM_Stop_IT                               build/stm32f1xx_hal_tim.o
HAL_TIM_PeriodElapsedCallback                     build/main.o
HAL_TIM_PeriodElapsedHalfCpltCallback             build/stm32f1xx_hal_tim.o
HAL_TIM_ReadCapturedValue                         build/stm32f1xx_hal_tim.o
HAL_TIM_SlaveConfigSynchro                        build/stm32f1xx_hal_tim.o
HAL_TIM_SlaveConfigSynchro_IT                     build/stm32f1xx_hal_tim.o
HAL_TIM_TriggerCallback                           build/stm32f1xx_hal_tim.o
HAL_TIM_TriggerHalfCpltCallback                   build/stm32f1xx_hal_tim.o
HardFault_Handler                                 build/stm32f1xx_it.o
I2C1_ER_IRQHandler                                build/startup_stm32f103x6.o
I2C1_EV_IRQHandler                                build/startup_stm32f103x6.o
MemManage_Handler                                 build/stm32f1xx_it.o
NMI_Handler                                       build/stm32f1xx_it.o
PVD_IRQHandler                                    build/startup_stm32f103x6.o
PendSV_Handler                                    build/stm32f1xx_it.o
RCC_IRQHandler                                    build/startup_stm32f103x6.o
RTC_Alarm_IRQHandler                              build/startup_stm32f103x6.o
RTC_IRQHandler                                    build/startup_stm32f103x6.o
Reset_Handler                                     build/startup_stm32f103x6.o
SPI1_IRQHandler                                   build/startup_stm32f103x6.o
SVC_Handler                                       build/stm32f1xx_it.o
SysTick_Handler                                   build/stm32f1xx_it.o
SystemClock_Config                                build/main.o
SystemCoreClock                                   build/system_stm32f1xx.o
                                                  build/stm32f1xx_hal_rcc.o
                                                  build/stm32f1xx_hal.o
SystemCoreClockUpdate                             build/system_stm32f1xx.o
SystemInit                                        build/system_stm32f1xx.o
                                                  build/startup_stm32f103x6.o
TAMPER_IRQHandler                                 build/startup_stm32f103x6.o
TIM1_BRK_IRQHandler                               build/startup_stm32f103x6.o
TIM1_CC_IRQHandler                                build/startup_stm32f103x6.o
TIM1_TRG_COM_IRQHandler                           build/startup_stm32f103x6.o
TIM1_UP_IRQHandler                                build/startup_stm32f103x6.o
TIM2_IRQHandler                                   build/stm32f1xx_it.o
TIM3_IRQHandler                                   build/startup_stm32f103x6.o
TIMEx_DMACommutationCplt                          build/stm32f1xx_hal_tim_ex.o
                                                  build/stm32f1xx_hal_tim.o
TIMEx_DMACommutationHalfCplt                      build/stm32f1xx_hal_tim_ex.o
                                                  build/stm32f1xx_hal_tim.o
TIM_Base_SetConfig                                build/stm32f1xx_hal_tim.o
                                                  build/stm32f1xx_hal_tim_ex.o
TIM_CCxChannelCmd                                 build/stm32f1xx_hal_tim.o
                                                  build/stm32f1xx_hal_tim_ex.o
TIM_DMACaptureCplt                                build/stm32f1xx_hal_tim.o
                                                  build/stm32f1xx_hal_tim_ex.o
TIM_DMACaptureHalfCplt                            build/stm32f1xx_hal_tim.o
                                                  build/stm32f1xx_hal_tim_ex.o
TIM_DMADelayPulseHalfCplt                         build/stm32f1xx_hal_tim.o
                                                  build/stm32f1xx_hal_tim_ex.o
TIM_DMAError                                      build/stm32f1xx_hal_tim.o
                                                  build/stm32f1xx_hal_tim_ex.o
TIM_ETR_SetConfig                                 build/stm32f1xx_hal_tim.o
TIM_OC2_SetConfig                                 build/stm32f1xx_hal_tim.o
                                                  build/stm32f1xx_hal_tim_ex.o
TIM_TI1_SetConfig                                 build/stm32f1xx_hal_tim.o
                                                  build/stm32f1xx_hal_tim_ex.o
USART1_IRQHandler                                 build/startup_stm32f103x6.o
USART2_IRQHandler                                 build/startup_stm32f103x6.o
USBWakeUp_IRQHandler                              build/startup_stm32f103x6.o
USB_HP_CAN1_TX_IRQHandler                         build/startup_stm32f103x6.o
USB_LP_CAN1_RX0_IRQHandler                        build/startup_stm32f103x6.o
UsageFault_Handler                                build/stm32f1xx_it.o
WWDG_IRQHandler                                   build/startup_stm32f103x6.o
_ITM_deregisterTMCloneTable                       c:/stm32toolchain/arm-gnu-toolchain-11.3.rel1-mingw-w64-i686-arm-none-eabi/bin/../lib/gcc/arm-none-eabi/11.3.1/thumb/v7-m/nofp/crtbegin.o
_ITM_registerTMCloneTable                         c:/stm32toolchain/arm-gnu-toolchain-11.3.rel1-mingw-w64-i686-arm-none-eabi/bin/../lib/gcc/arm-none-eabi/11.3.1/thumb/v7-m/nofp/crtbegin.o
__TMC_END__                                       c:/stm32toolchain/arm-gnu-toolchain-11.3.rel1-mingw-w64-i686-arm-none-eabi/bin/../lib/gcc/arm-none-eabi/11.3.1/thumb/v7-m/nofp/crtend.o
                                                  c:/stm32toolchain/arm-gnu-toolchain-11.3.rel1-mingw-w64-i686-arm-none-eabi/bin/../lib/gcc/arm-none-eabi/11.3.1/thumb/v7-m/nofp/crtbegin.o
__bss_end__                                       c:/stm32toolchain/arm-gnu-toolchain-11.3.rel1-mingw-w64-i686-arm-none-eabi/bin/../lib/gcc/arm-none-eabi/11.3.1/thumb/v7-m/nofp/crt0.o
__bss_start__                                     c:/stm32toolchain/arm-gnu-toolchain-11.3.rel1-mingw-w64-i686-arm-none-eabi/bin/../lib/gcc/arm-none-eabi/11.3.1/thumb/v7-m/nofp/crt0.o
__call_exitprocs                                  c:/stm32toolchain/arm-gnu-toolchain-11.3.rel1-mingw-w64-i686-arm-none-eabi/bin/../lib/gcc/arm-none-eabi/11.3.1/thumb/v7-m/nofp\libc_nano.a(libc_a-exit.o)
__deregister_frame_info                           c:/stm32toolchain/arm-gnu-toolchain-11.3.rel1-mingw-w64-i686-arm-none-eabi/bin/../lib/gcc/arm-none-eabi/11.3.1/thumb/v7-m/nofp/crtbegin.o
__dso_handle                                      c:/stm32toolchain/arm-gnu-toolchain-11.3.rel1-mingw-w64-i686-arm-none-eabi/bin/../lib/gcc/arm-none-eabi/11.3.1/thumb/v7-m/nofp/crtbegin.o
__fp_lock_all                                     c:/stm32toolchain/arm-gnu-toolchain-11.3.rel1-mingw-w64-i686-arm-none-eabi/bin/../lib/gcc/arm-none-eabi/11.3.1/thumb/v7-m/nofp\libc_nano.a(libc_a-findfp.o)
__fp_unlock_all                                   c:/stm32toolchain/arm-gnu-toolchain-11.3.rel1-mingw-w64-i686-arm-none-eabi/bin/../lib/gcc/arm-none-eabi/11.3.1/thumb/v7-m/nofp\libc_nano.a(libc_a-findfp.o)
__init_array_end                                  c:/stm32toolchain/arm-gnu-toolchain-11.3.rel1-mingw-w64-i686-arm-none-eabi/bin/../lib/gcc/arm-none-eabi/11.3.1/thumb/v7-m/nofp\libc_nano.a(libc_a-init.o)
__init_array_start                                c:/stm32toolchain/arm-gnu-toolchain-11.3.rel1-mingw-w64-i686-arm-none-eabi/bin/../lib/gcc/arm-none-eabi/11.3.1/thumb/v7-m/nofp\libc_nano.a(libc_a-init.o)
__libc_fini_array                                 c:/stm32toolchain/arm-gnu-toolchain-11.3.rel1-mingw-w64-i686-arm-none-eabi/bin/../lib/gcc/arm-none-eabi/11.3.1/thumb/v7-m/nofp/crt0.o
__libc_init_array                                 c:/stm32toolchain/arm-gnu-toolchain-11.3.rel1-mingw-w64-i686-arm-none-eabi/bin/../lib/gcc/arm-none-eabi/11.3.1/thumb/v7-m/nofp\libc_nano.a(libc_a-init.o)
                                                  build/startup_stm32f103x6.o
                                                  c:/stm32toolchain/arm-gnu-toolchain-11.3.rel1-mingw-w64-i686-arm-none-eabi/bin/../lib/gcc/arm-none-eabi/11.3.1/thumb/v7-m/nofp/crt0.o
__lock___arc4random_mutex                         c:/stm32toolchain/arm-gnu-toolchain-11.3.rel1-mingw-w64-i686-arm-none-eabi/bin/../lib/gcc/arm-none-eabi/11.3.1/thumb/v7-m/nofp\libc_nano.a(libc_a-lock.o)
__lock___at_quick_exit_mutex                      c:/stm32toolchain/arm-gnu-toolchain-11.3.rel1-mingw-w64-i686-arm-none-eabi/bin/../lib/gcc/arm-none-eabi/11.3.1/thumb/v7-m/nofp\libc_nano.a(libc_a-lock.o)
__lock___atexit_recursive_mutex                   c:/stm32toolchain/arm-gnu-toolchain-11.3.rel1-mingw-w64-i686-arm-none-eabi/bin/../lib/gcc/arm-none-eabi/11.3.1/thumb/v7-m/nofp\libc_nano.a(libc_a-lock.o)
__lock___dd_hash_mutex                            c:/stm32toolchain/arm-gnu-toolchain-11.3.rel1-mingw-w64-i686-arm-none-eabi/bin/../lib/gcc/arm-none-eabi/11.3.1/thumb/v7-m/nofp\libc_nano.a(libc_a-lock.o)
__lock___env_recursive_mutex                      c:/stm32toolchain/arm-gnu-toolchain-11.3.rel1-mingw-w64-i686-arm-none-eabi/bin/../lib/gcc/arm-none-eabi/11.3.1/thumb/v7-m/nofp\libc_nano.a(libc_a-lock.o)
__lock___malloc_recursive_mutex                   c:/stm32toolchain/arm-gnu-toolchain-11.3.rel1-mingw-w64-i686-arm-none-eabi/bin/../lib/gcc/arm-none-eabi/11.3.1/thumb/v7-m/nofp\libc_nano.a(libc_a-lock.o)
                                                  c:/stm32toolchain/arm-gnu-toolchain-11.3.rel1-mingw-w64-i686-arm-none-eabi/bin/../lib/gcc/arm-none-eabi/11.3.1/thumb/v7-m/nofp\libc_nano.a(libc_a-mlock.o)
__lock___sfp_recursive_mutex                      c:/stm32toolchain/arm-gnu-toolchain-11.3.rel1-mingw-w64-i686-arm-none-eabi/bin/../lib/gcc/arm-none-eabi/11.3.1/thumb/v7-m/nofp\libc_nano.a(libc_a-lock.o)
                                                  c:/stm32toolchain/arm-gnu-toolchain-11.3.rel1-mingw-w64-i686-arm-none-eabi/bin/../lib/gcc/arm-none-eabi/11.3.1/thumb/v7-m/nofp\libc_nano.a(libc_a-findfp.o)
__lock___tz_mutex                                 c:/stm32toolchain/arm-gnu-toolchain-11.3.rel1-mingw-w64-i686-arm-none-eabi/bin/../lib/gcc/arm-none-eabi/11.3.1/thumb/v7-m/nofp\libc_nano.a(libc_a-lock.o)
__malloc_free_list                                c:/stm32toolchain/arm-gnu-toolchain-11.3.rel1-mingw-w64-i686-arm-none-eabi/bin/../lib/gcc/arm-none-eabi/11.3.1/thumb/v7-m/nofp\libc_nano.a(libc_a-mallocr.o)
                                                  c:/stm32toolchain/arm-gnu-toolchain-11.3.rel1-mingw-w64-i686-arm-none-eabi/bin/../lib/gcc/arm-none-eabi/11.3.1/thumb/v7-m/nofp\libc_nano.a(libc_a-freer.o)
__malloc_lock                                     c:/stm32toolchain/arm-gnu-toolchain-11.3.rel1-mingw-w64-i686-arm-none-eabi/bin/../lib/gcc/arm-none-eabi/11.3.1/thumb/v7-m/nofp\libc_nano.a(libc_a-mlock.o)
                                                  c:/stm32toolchain/arm-gnu-toolchain-11.3.rel1-mingw-w64-i686-arm-none-eabi/bin/../lib/gcc/arm-none-eabi/11.3.1/thumb/v7-m/nofp\libc_nano.a(libc_a-mallocr.o)
                                                  c:/stm32toolchain/arm-gnu-toolchain-11.3.rel1-mingw-w64-i686-arm-none-eabi/bin/../lib/gcc/arm-none-eabi/11.3.1/thumb/v7-m/nofp\libc_nano.a(libc_a-freer.o)
__malloc_sbrk_start                               c:/stm32toolchain/arm-gnu-toolchain-11.3.rel1-mingw-w64-i686-arm-none-eabi/bin/../lib/gcc/arm-none-eabi/11.3.1/thumb/v7-m/nofp\libc_nano.a(libc_a-mallocr.o)
__malloc_unlock                                   c:/stm32toolchain/arm-gnu-toolchain-11.3.rel1-mingw-w64-i686-arm-none-eabi/bin/../lib/gcc/arm-none-eabi/11.3.1/thumb/v7-m/nofp\libc_nano.a(libc_a-mlock.o)
                                                  c:/stm32toolchain/arm-gnu-toolchain-11.3.rel1-mingw-w64-i686-arm-none-eabi/bin/../lib/gcc/arm-none-eabi/11.3.1/thumb/v7-m/nofp\libc_nano.a(libc_a-mallocr.o)
                                                  c:/stm32toolchain/arm-gnu-toolchain-11.3.rel1-mingw-w64-i686-arm-none-eabi/bin/../lib/gcc/arm-none-eabi/11.3.1/thumb/v7-m/nofp\libc_nano.a(libc_a-freer.o)
__preinit_array_end                               c:/stm32toolchain/arm-gnu-toolchain-11.3.rel1-mingw-w64-i686-arm-none-eabi/bin/../lib/gcc/arm-none-eabi/11.3.1/thumb/v7-m/nofp\libc_nano.a(libc_a-init.o)
__preinit_array_start                             c:/stm32toolchain/arm-gnu-toolchain-11.3.rel1-mingw-w64-i686-arm-none-eabi/bin/../lib/gcc/arm-none-eabi/11.3.1/thumb/v7-m/nofp\libc_nano.a(libc_a-init.o)
__register_frame_info                             c:/stm32toolchain/arm-gnu-toolchain-11.3.rel1-mingw-w64-i686-arm-none-eabi/bin/../lib/gcc/arm-none-eabi/11.3.1/thumb/v7-m/nofp/crtbegin.o
__retarget_lock_acquire                           c:/stm32toolchain/arm-gnu-toolchain-11.3.rel1-mingw-w64-i686-arm-none-eabi/bin/../lib/gcc/arm-none-eabi/11.3.1/thumb/v7-m/nofp\libc_nano.a(libc_a-lock.o)
__retarget_lock_acquire_recursive                 c:/stm32toolchain/arm-gnu-toolchain-11.3.rel1-mingw-w64-i686-arm-none-eabi/bin/../lib/gcc/arm-none-eabi/11.3.1/thumb/v7-m/nofp\libc_nano.a(libc_a-lock.o)
                                                  c:/stm32toolchain/arm-gnu-toolchain-11.3.rel1-mingw-w64-i686-arm-none-eabi/bin/../lib/gcc/arm-none-eabi/11.3.1/thumb/v7-m/nofp\libc_nano.a(libc_a-fflush.o)
                                                  c:/stm32toolchain/arm-gnu-toolchain-11.3.rel1-mingw-w64-i686-arm-none-eabi/bin/../lib/gcc/arm-none-eabi/11.3.1/thumb/v7-m/nofp\libc_nano.a(libc_a-mlock.o)
                                                  c:/stm32toolchain/arm-gnu-toolchain-11.3.rel1-mingw-w64-i686-arm-none-eabi/bin/../lib/gcc/arm-none-eabi/11.3.1/thumb/v7-m/nofp\libc_nano.a(libc_a-findfp.o)
__retarget_lock_close                             c:/stm32toolchain/arm-gnu-toolchain-11.3.rel1-mingw-w64-i686-arm-none-eabi/bin/../lib/gcc/arm-none-eabi/11.3.1/thumb/v7-m/nofp\libc_nano.a(libc_a-lock.o)
__retarget_lock_close_recursive                   c:/stm32toolchain/arm-gnu-toolchain-11.3.rel1-mingw-w64-i686-arm-none-eabi/bin/../lib/gcc/arm-none-eabi/11.3.1/thumb/v7-m/nofp\libc_nano.a(libc_a-lock.o)
__retarget_lock_init                              c:/stm32toolchain/arm-gnu-toolchain-11.3.rel1-mingw-w64-i686-arm-none-eabi/bin/../lib/gcc/arm-none-eabi/11.3.1/thumb/v7-m/nofp\libc_nano.a(libc_a-lock.o)
__retarget_lock_init_recursive                    c:/stm32toolchain/arm-gnu-toolchain-11.3.rel1-mingw-w64-i686-arm-none-eabi/bin/../lib/gcc/arm-none-eabi/11.3.1/thumb/v7-m/nofp\libc_nano.a(libc_a-lock.o)
                                                  c:/stm32toolchain/arm-gnu-toolchain-11.3.rel1-mingw-w64-i686-arm-none-eabi/bin/../lib/gcc/arm-none-eabi/11.3.1/thumb/v7-m/nofp\libc_nano.a(libc_a-findfp.o)
__retarget_lock_release                           c:/stm32toolchain/arm-gnu-toolchain-11.3.rel1-mingw-w64-i686-arm-none-eabi/bin/../lib/gcc/arm-none-eabi/11.3.1/thumb/v7-m/nofp\libc_nano.a(libc_a-lock.o)
__retarget_lock_release_recursive                 c:/stm32toolchain/arm-gnu-toolchain-11.3.rel1-mingw-w64-i686-arm-none-eabi/bin/../lib/gcc/arm-none-eabi/11.3.1/thumb/v7-m/nofp\libc_nano.a(libc_a-lock.o)
                                                  c:/stm32toolchain/arm-gnu-toolchain-11.3.rel1-mingw-w64-i686-arm-none-eabi/bin/../lib/gcc/arm-none-eabi/11.3.1/thumb/v7-m/nofp\libc_nano.a(libc_a-fflush.o)
                                                  c:/stm32toolchain/arm-gnu-toolchain-11.3.rel1-mingw-w64-i686-arm-none-eabi/bin/../lib/gcc/arm-none-eabi/11.3.1/thumb/v7-m/nofp\libc_nano.a(libc_a-mlock.o)
                                                  c:/stm32toolchain/arm-gnu-toolchain-11.3.rel1-mingw-w64-i686-arm-none-eabi/bin/../lib/gcc/arm-none-eabi/11.3.1/thumb/v7-m/nofp\libc_nano.a(libc_a-findfp.o)
__retarget_lock_try_acquire                       c:/stm32toolchain/arm-gnu-toolchain-11.3.rel1-mingw-w64-i686-arm-none-eabi/bin/../lib/gcc/arm-none-eabi/11.3.1/thumb/v7-m/nofp\libc_nano.a(libc_a-lock.o)
__retarget_lock_try_acquire_recursive             c:/stm32toolchain/arm-gnu-toolchain-11.3.rel1-mingw-w64-i686-arm-none-eabi/bin/../lib/gcc/arm-none-eabi/11.3.1/thumb/v7-m/nofp\libc_nano.a(libc_a-lock.o)
__sclose                                          c:/stm32toolchain/arm-gnu-toolchain-11.3.rel1-mingw-w64-i686-arm-none-eabi/bin/../lib/gcc/arm-none-eabi/11.3.1/thumb/v7-m/nofp\libc_nano.a(libc_a-stdio.o)
                                                  c:/stm32toolchain/arm-gnu-toolchain-11.3.rel1-mingw-w64-i686-arm-none-eabi/bin/../lib/gcc/arm-none-eabi/11.3.1/thumb/v7-m/nofp\libc_nano.a(libc_a-findfp.o)
__seofread                                        c:/stm32toolchain/arm-gnu-toolchain-11.3.rel1-mingw-w64-i686-arm-none-eabi/bin/../lib/gcc/arm-none-eabi/11.3.1/thumb/v7-m/nofp\libc_nano.a(libc_a-stdio.o)
__sf                                              c:/stm32toolchain/arm-gnu-toolchain-11.3.rel1-mingw-w64-i686-arm-none-eabi/bin/../lib/gcc/arm-none-eabi/11.3.1/thumb/v7-m/nofp\libc_nano.a(libc_a-findfp.o)
                                                  c:/stm32toolchain/arm-gnu-toolchain-11.3.rel1-mingw-w64-i686-arm-none-eabi/bin/../lib/gcc/arm-none-eabi/11.3.1/thumb/v7-m/nofp\libc_nano.a(libc_a-impure.o)
__sflush_r                                        c:/stm32toolchain/arm-gnu-toolchain-11.3.rel1-mingw-w64-i686-arm-none-eabi/bin/../lib/gcc/arm-none-eabi/11.3.1/thumb/v7-m/nofp\libc_nano.a(libc_a-fflush.o)
__sfp                                             c:/stm32toolchain/arm-gnu-toolchain-11.3.rel1-mingw-w64-i686-arm-none-eabi/bin/../lib/gcc/arm-none-eabi/11.3.1/thumb/v7-m/nofp\libc_nano.a(libc_a-findfp.o)
__sfp_lock_acquire                                c:/stm32toolchain/arm-gnu-toolchain-11.3.rel1-mingw-w64-i686-arm-none-eabi/bin/../lib/gcc/arm-none-eabi/11.3.1/thumb/v7-m/nofp\libc_nano.a(libc_a-findfp.o)
__sfp_lock_release                                c:/stm32toolchain/arm-gnu-toolchain-11.3.rel1-mingw-w64-i686-arm-none-eabi/bin/../lib/gcc/arm-none-eabi/11.3.1/thumb/v7-m/nofp\libc_nano.a(libc_a-findfp.o)
__sglue                                           c:/stm32toolchain/arm-gnu-toolchain-11.3.rel1-mingw-w64-i686-arm-none-eabi/bin/../lib/gcc/arm-none-eabi/11.3.1/thumb/v7-m/nofp\libc_nano.a(libc_a-findfp.o)
                                                  c:/stm32toolchain/arm-gnu-toolchain-11.3.rel1-mingw-w64-i686-arm-none-eabi/bin/../lib/gcc/arm-none-eabi/11.3.1/thumb/v7-m/nofp\libc_nano.a(libc_a-fflush.o)
__sinit                                           c:/stm32toolchain/arm-gnu-toolchain-11.3.rel1-mingw-w64-i686-arm-none-eabi/bin/../lib/gcc/arm-none-eabi/11.3.1/thumb/v7-m/nofp\libc_nano.a(libc_a-findfp.o)
                                                  c:/stm32toolchain/arm-gnu-toolchain-11.3.rel1-mingw-w64-i686-arm-none-eabi/bin/../lib/gcc/arm-none-eabi/11.3.1/thumb/v7-m/nofp\libc_nano.a(libc_a-fflush.o)
__sread                                           c:/stm32toolchain/arm-gnu-toolchain-11.3.rel1-mingw-w64-i686-arm-none-eabi/bin/../lib/gcc/arm-none-eabi/11.3.1/thumb/v7-m/nofp\libc_nano.a(libc_a-stdio.o)
                                                  c:/stm32toolchain/arm-gnu-toolchain-11.3.rel1-mingw-w64-i686-arm-none-eabi/bin/../lib/gcc/arm-none-eabi/11.3.1/thumb/v7-m/nofp\libc_nano.a(libc_a-findfp.o)
__sseek                                           c:/stm32toolchain/arm-gnu-toolchain-11.3.rel1-mingw-w64-i686-arm-none-eabi/bin/../lib/gcc/arm-none-eabi/11.3.1/thumb/v7-m/nofp\libc_nano.a(libc_a-stdio.o)
                                                  c:/stm32toolchain/arm-gnu-toolchain-11.3.rel1-mingw-w64-i686-arm-none-eabi/bin/../lib/gcc/arm-none-eabi/11.3.1/thumb/v7-m/nofp\libc_nano.a(libc_a-findfp.o)
__stack                                           c:/stm32toolchain/arm-gnu-toolchain-11.3.rel1-mingw-w64-i686-arm-none-eabi/bin/../lib/gcc/arm-none-eabi/11.3.1/thumb/v7-m/nofp/crt0.o
__stdio_exit_handler                              c:/stm32toolchain/arm-gnu-toolchain-11.3.rel1-mingw-w64-i686-arm-none-eabi/bin/../lib/gcc/arm-none-eabi/11.3.1/thumb/v7-m/nofp\libc_nano.a(libc_a-findfp.o)
                                                  c:/stm32toolchain/arm-gnu-toolchain-11.3.rel1-mingw-w64-i686-arm-none-eabi/bin/../lib/gcc/arm-none-eabi/11.3.1/thumb/v7-m/nofp\libc_nano.a(libc_a-exit.o)
__swrite                                          c:/stm32toolchain/arm-gnu-toolchain-11.3.rel1-mingw-w64-i686-arm-none-eabi/bin/../lib/gcc/arm-none-eabi/11.3.1/thumb/v7-m/nofp\libc_nano.a(libc_a-stdio.o)
                                                  c:/stm32toolchain/arm-gnu-toolchain-11.3.rel1-mingw-w64-i686-arm-none-eabi/bin/../lib/gcc/arm-none-eabi/11.3.1/thumb/v7-m/nofp\libc_nano.a(libc_a-findfp.o)
_close                                            c:/stm32toolchain/arm-gnu-toolchain-11.3.rel1-mingw-w64-i686-arm-none-eabi/bin/../lib/gcc/arm-none-eabi/11.3.1/thumb/v7-m/nofp\libnosys.a(close.o)
                                                  c:/stm32toolchain/arm-gnu-toolchain-11.3.rel1-mingw-w64-i686-arm-none-eabi/bin/../lib/gcc/arm-none-eabi/11.3.1/thumb/v7-m/nofp\libc_nano.a(libc_a-closer.o)
_close_r                                          c:/stm32toolchain/arm-gnu-toolchain-11.3.rel1-mingw-w64-i686-arm-none-eabi/bin/../lib/gcc/arm-none-eabi/11.3.1/thumb/v7-m/nofp\libc_nano.a(libc_a-closer.o)
                                                  c:/stm32toolchain/arm-gnu-toolchain-11.3.rel1-mingw-w64-i686-arm-none-eabi/bin/../lib/gcc/arm-none-eabi/11.3.1/thumb/v7-m/nofp\libc_nano.a(libc_a-stdio.o)
_ebss                                             build/startup_stm32f103x6.o
_edata                                            build/startup_stm32f103x6.o
_estack                                           build/startup_stm32f103x6.o
_exit                                             c:/stm32toolchain/arm-gnu-toolchain-11.3.rel1-mingw-w64-i686-arm-none-eabi/bin/../lib/gcc/arm-none-eabi/11.3.1/thumb/v7-m/nofp\libnosys.a(_exit.o)
                                                  c:/stm32toolchain/arm-gnu-toolchain-11.3.rel1-mingw-w64-i686-arm-none-eabi/bin/../lib/gcc/arm-none-eabi/11.3.1/thumb/v7-m/nofp\libc_nano.a(libc_a-exit.o)
_fflush_r                                         c:/stm32toolchain/arm-gnu-toolchain-11.3.rel1-mingw-w64-i686-arm-none-eabi/bin/../lib/gcc/arm-none-eabi/11.3.1/thumb/v7-m/nofp\libc_nano.a(libc_a-fflush.o)
                                                  c:/stm32toolchain/arm-gnu-toolchain-11.3.rel1-mingw-w64-i686-arm-none-eabi/bin/../lib/gcc/arm-none-eabi/11.3.1/thumb/v7-m/nofp\libc_nano.a(libc_a-findfp.o)
_fini                                             c:/stm32toolchain/arm-gnu-toolchain-11.3.rel1-mingw-w64-i686-arm-none-eabi/bin/../lib/gcc/arm-none-eabi/11.3.1/thumb/v7-m/nofp/crti.o
_free_r                                           c:/stm32toolchain/arm-gnu-toolchain-11.3.rel1-mingw-w64-i686-arm-none-eabi/bin/../lib/gcc/arm-none-eabi/11.3.1/thumb/v7-m/nofp\libc_nano.a(libc_a-freer.o)
                                                  c:/stm32toolchain/arm-gnu-toolchain-11.3.rel1-mingw-w64-i686-arm-none-eabi/bin/../lib/gcc/arm-none-eabi/11.3.1/thumb/v7-m/nofp\libc_nano.a(libc_a-fflush.o)
                                                  c:/stm32toolchain/arm-gnu-toolchain-11.3.rel1-mingw-w64-i686-arm-none-eabi/bin/../lib/gcc/arm-none-eabi/11.3.1/thumb/v7-m/nofp\libc_nano.a(libc_a-reent.o)
_fwalk_sglue                                      c:/stm32toolchain/arm-gnu-toolchain-11.3.rel1-mingw-w64-i686-arm-none-eabi/bin/../lib/gcc/arm-none-eabi/11.3.1/thumb/v7-m/nofp\libc_nano.a(libc_a-fwalk.o)
                                                  c:/stm32toolchain/arm-gnu-toolchain-11.3.rel1-mingw-w64-i686-arm-none-eabi/bin/../lib/gcc/arm-none-eabi/11.3.1/thumb/v7-m/nofp\libc_nano.a(libc_a-fflush.o)
                                                  c:/stm32toolchain/arm-gnu-toolchain-11.3.rel1-mingw-w64-i686-arm-none-eabi/bin/../lib/gcc/arm-none-eabi/11.3.1/thumb/v7-m/nofp\libc_nano.a(libc_a-findfp.o)
_impure_data                                      c:/stm32toolchain/arm-gnu-toolchain-11.3.rel1-mingw-w64-i686-arm-none-eabi/bin/../lib/gcc/arm-none-eabi/11.3.1/thumb/v7-m/nofp\libc_nano.a(libc_a-impure.o)
                                                  c:/stm32toolchain/arm-gnu-toolchain-11.3.rel1-mingw-w64-i686-arm-none-eabi/bin/../lib/gcc/arm-none-eabi/11.3.1/thumb/v7-m/nofp\libc_nano.a(libc_a-fflush.o)
                                                  c:/stm32toolchain/arm-gnu-toolchain-11.3.rel1-mingw-w64-i686-arm-none-eabi/bin/../lib/gcc/arm-none-eabi/11.3.1/thumb/v7-m/nofp\libc_nano.a(libc_a-findfp.o)
_impure_ptr                                       c:/stm32toolchain/arm-gnu-toolchain-11.3.rel1-mingw-w64-i686-arm-none-eabi/bin/../lib/gcc/arm-none-eabi/11.3.1/thumb/v7-m/nofp\libc_nano.a(libc_a-impure.o)
                                                  c:/stm32toolchain/arm-gnu-toolchain-11.3.rel1-mingw-w64-i686-arm-none-eabi/bin/../lib/gcc/arm-none-eabi/11.3.1/thumb/v7-m/nofp\libc_nano.a(libc_a-fflush.o)
                                                  c:/stm32toolchain/arm-gnu-toolchain-11.3.rel1-mingw-w64-i686-arm-none-eabi/bin/../lib/gcc/arm-none-eabi/11.3.1/thumb/v7-m/nofp\libc_nano.a(libc_a-reent.o)
_init                                             c:/stm32toolchain/arm-gnu-toolchain-11.3.rel1-mingw-w64-i686-arm-none-eabi/bin/../lib/gcc/arm-none-eabi/11.3.1/thumb/v7-m/nofp/crti.o
                                                  c:/stm32toolchain/arm-gnu-toolchain-11.3.rel1-mingw-w64-i686-arm-none-eabi/bin/../lib/gcc/arm-none-eabi/11.3.1/thumb/v7-m/nofp\libc_nano.a(libc_a-init.o)
_lseek                                            c:/stm32toolchain/arm-gnu-toolchain-11.3.rel1-mingw-w64-i686-arm-none-eabi/bin/../lib/gcc/arm-none-eabi/11.3.1/thumb/v7-m/nofp\libnosys.a(lseek.o)
                                                  c:/stm32toolchain/arm-gnu-toolchain-11.3.rel1-mingw-w64-i686-arm-none-eabi/bin/../lib/gcc/arm-none-eabi/11.3.1/thumb/v7-m/nofp\libc_nano.a(libc_a-lseekr.o)
_lseek_r                                          c:/stm32toolchain/arm-gnu-toolchain-11.3.rel1-mingw-w64-i686-arm-none-eabi/bin/../lib/gcc/arm-none-eabi/11.3.1/thumb/v7-m/nofp\libc_nano.a(libc_a-lseekr.o)
                                                  c:/stm32toolchain/arm-gnu-toolchain-11.3.rel1-mingw-w64-i686-arm-none-eabi/bin/../lib/gcc/arm-none-eabi/11.3.1/thumb/v7-m/nofp\libc_nano.a(libc_a-stdio.o)
_mainCRTStartup                                   c:/stm32toolchain/arm-gnu-toolchain-11.3.rel1-mingw-w64-i686-arm-none-eabi/bin/../lib/gcc/arm-none-eabi/11.3.1/thumb/v7-m/nofp/crt0.o
_malloc_r                                         c:/stm32toolchain/arm-gnu-toolchain-11.3.rel1-mingw-w64-i686-arm-none-eabi/bin/../lib/gcc/arm-none-eabi/11.3.1/thumb/v7-m/nofp\libc_nano.a(libc_a-mallocr.o)
                                                  c:/stm32toolchain/arm-gnu-toolchain-11.3.rel1-mingw-w64-i686-arm-none-eabi/bin/../lib/gcc/arm-none-eabi/11.3.1/thumb/v7-m/nofp\libc_nano.a(libc_a-findfp.o)
_read                                             c:/stm32toolchain/arm-gnu-toolchain-11.3.rel1-mingw-w64-i686-arm-none-eabi/bin/../lib/gcc/arm-none-eabi/11.3.1/thumb/v7-m/nofp\libnosys.a(read.o)
                                                  c:/stm32toolchain/arm-gnu-toolchain-11.3.rel1-mingw-w64-i686-arm-none-eabi/bin/../lib/gcc/arm-none-eabi/11.3.1/thumb/v7-m/nofp\libc_nano.a(libc_a-readr.o)
_read_r                                           c:/stm32toolchain/arm-gnu-toolchain-11.3.rel1-mingw-w64-i686-arm-none-eabi/bin/../lib/gcc/arm-none-eabi/11.3.1/thumb/v7-m/nofp\libc_nano.a(libc_a-readr.o)
                                                  c:/stm32toolchain/arm-gnu-toolchain-11.3.rel1-mingw-w64-i686-arm-none-eabi/bin/../lib/gcc/arm-none-eabi/11.3.1/thumb/v7-m/nofp\libc_nano.a(libc_a-stdio.o)
_reclaim_reent                                    c:/stm32toolchain/arm-gnu-toolchain-11.3.rel1-mingw-w64-i686-arm-none-eabi/bin/../lib/gcc/arm-none-eabi/11.3.1/thumb/v7-m/nofp\libc_nano.a(libc_a-reent.o)
_sbrk                                             c:/stm32toolchain/arm-gnu-toolchain-11.3.rel1-mingw-w64-i686-arm-none-eabi/bin/../lib/gcc/arm-none-eabi/11.3.1/thumb/v7-m/nofp\libnosys.a(sbrk.o)
                                                  c:/stm32toolchain/arm-gnu-toolchain-11.3.rel1-mingw-w64-i686-arm-none-eabi/bin/../lib/gcc/arm-none-eabi/11.3.1/thumb/v7-m/nofp\libc_nano.a(libc_a-sbrkr.o)
_sbrk_r                                           c:/stm32toolchain/arm-gnu-toolchain-11.3.rel1-mingw-w64-i686-arm-none-eabi/bin/../lib/gcc/arm-none-eabi/11.3.1/thumb/v7-m/nofp\libc_nano.a(libc_a-sbrkr.o)
                                                  c:/stm32toolchain/arm-gnu-toolchain-11.3.rel1-mingw-w64-i686-arm-none-eabi/bin/../lib/gcc/arm-none-eabi/11.3.1/thumb/v7-m/nofp\libc_nano.a(libc_a-mallocr.o)
_sbss                                             build/startup_stm32f103x6.o
_sdata                                            build/startup_stm32f103x6.o
_sidata                                           build/startup_stm32f103x6.o
_stack_init                                       c:/stm32toolchain/arm-gnu-toolchain-11.3.rel1-mingw-w64-i686-arm-none-eabi/bin/../lib/gcc/arm-none-eabi/11.3.1/thumb/v7-m/nofp/crt0.o
_start                                            c:/stm32toolchain/arm-gnu-toolchain-11.3.rel1-mingw-w64-i686-arm-none-eabi/bin/../lib/gcc/arm-none-eabi/11.3.1/thumb/v7-m/nofp/crt0.o